Archive member included to satisfy reference by file (symbol)

app/libapp.a(main.c.obj)      (--whole-archive)
zephyr/libzephyr.a(cbprintf_packaged.c.obj)
                              (--whole-archive)
zephyr/libzephyr.a(dec.c.obj)
                              (--whole-archive)
zephyr/libzephyr.a(fdtable.c.obj)
                              (--whole-archive)
zephyr/libzephyr.a(hex.c.obj)
                              (--whole-archive)
zephyr/libzephyr.a(printk.c.obj)
                              (--whole-archive)
zephyr/libzephyr.a(rb.c.obj)  (--whole-archive)
zephyr/libzephyr.a(sem.c.obj)
                              (--whole-archive)
zephyr/libzephyr.a(thread_entry.c.obj)
                              (--whole-archive)
zephyr/libzephyr.a(timeutil.c.obj)
                              (--whole-archive)
zephyr/libzephyr.a(heap.c.obj)
                              (--whole-archive)
zephyr/libzephyr.a(heap-validate.c.obj)
                              (--whole-archive)
zephyr/libzephyr.a(bitarray.c.obj)
                              (--whole-archive)
zephyr/libzephyr.a(multi_heap.c.obj)
                              (--whole-archive)
zephyr/libzephyr.a(onoff.c.obj)
                              (--whole-archive)
zephyr/libzephyr.a(notify.c.obj)
                              (--whole-archive)
zephyr/libzephyr.a(cbprintf_complete.c.obj)
                              (--whole-archive)
zephyr/libzephyr.a(ring_buffer.c.obj)
                              (--whole-archive)
zephyr/libzephyr.a(assert.c.obj)
                              (--whole-archive)
zephyr/libzephyr.a(reboot.c.obj)
                              (--whole-archive)
zephyr/libzephyr.a(configs.c.obj)
                              (--whole-archive)
zephyr/libzephyr.a(soc_nrf_common.S.obj)
                              (--whole-archive)
zephyr/libzephyr.a(validate_base_addresses.c.obj)
                              (--whole-archive)
zephyr/libzephyr.a(validate_enabled_instances.c.obj)
                              (--whole-archive)
zephyr/libzephyr.a(tracing_none.c.obj)
                              (--whole-archive)
zephyr/libzephyr.a(usb_device.c.obj)
                              (--whole-archive)
zephyr/libzephyr.a(usb_descriptor.c.obj)
                              (--whole-archive)
zephyr/libzephyr.a(usb_transfer.c.obj)
                              (--whole-archive)
zephyr/libzephyr.a(cdc_acm.c.obj)
                              (--whole-archive)
zephyr/libzephyr.a(usb_work_q.c.obj)
                              (--whole-archive)
zephyr/libzephyr.a(nrf_cc3xx_platform_abort_zephyr.c.obj)
                              (--whole-archive)
zephyr/libzephyr.a(nrf_cc3xx_platform_mutex_zephyr.c.obj)
                              (--whole-archive)
zephyr/arch/common/libarch__common.a(sw_isr_common.c.obj)
                              (--whole-archive)
zephyr/arch/arch/arm/core/aarch32/libarch__arm__core__aarch32.a(cpu_idle.S.obj)
                              (--whole-archive)
zephyr/arch/arch/arm/core/aarch32/libarch__arm__core__aarch32.a(fatal.c.obj)
                              (--whole-archive)
zephyr/arch/arch/arm/core/aarch32/libarch__arm__core__aarch32.a(irq_manage.c.obj)
                              (--whole-archive)
zephyr/arch/arch/arm/core/aarch32/libarch__arm__core__aarch32.a(nmi.c.obj)
                              (--whole-archive)
zephyr/arch/arch/arm/core/aarch32/libarch__arm__core__aarch32.a(nmi_on_reset.S.obj)
                              (--whole-archive)
zephyr/arch/arch/arm/core/aarch32/libarch__arm__core__aarch32.a(prep_c.c.obj)
                              (--whole-archive)
zephyr/arch/arch/arm/core/aarch32/libarch__arm__core__aarch32.a(swap.c.obj)
                              (--whole-archive)
zephyr/arch/arch/arm/core/aarch32/libarch__arm__core__aarch32.a(swap_helper.S.obj)
                              (--whole-archive)
zephyr/arch/arch/arm/core/aarch32/libarch__arm__core__aarch32.a(thread.c.obj)
                              (--whole-archive)
zephyr/arch/arch/arm/core/aarch32/libarch__arm__core__aarch32.a(isr_wrapper.S.obj)
                              (--whole-archive)
zephyr/arch/arch/arm/core/aarch32/libarch__arm__core__aarch32.a(tls.c.obj)
                              (--whole-archive)
zephyr/arch/arch/arm/core/aarch32/cortex_m/libarch__arm__core__aarch32__cortex_m.a(exc_exit.S.obj)
                              (--whole-archive)
zephyr/arch/arch/arm/core/aarch32/cortex_m/libarch__arm__core__aarch32__cortex_m.a(fault.c.obj)
                              (--whole-archive)
zephyr/arch/arch/arm/core/aarch32/cortex_m/libarch__arm__core__aarch32__cortex_m.a(fault_s.S.obj)
                              (--whole-archive)
zephyr/arch/arch/arm/core/aarch32/cortex_m/libarch__arm__core__aarch32__cortex_m.a(fpu.c.obj)
                              (--whole-archive)
zephyr/arch/arch/arm/core/aarch32/cortex_m/libarch__arm__core__aarch32__cortex_m.a(irq_init.c.obj)
                              (--whole-archive)
[...]
Memory Configuration

Name             Origin             Length             Attributes
FLASH            0x0000000000027000 0x00000000000c5000 xr
RAM              0x0000000020000000 0x0000000000040000 xw
IDT_LIST         0x00000000fffff7ff 0x0000000000000800 xw
*default*        0x0000000000000000 0xffffffffffffffff

Linker script and memory map

                0x00000000000309bc                vfprintf = __d_vfprintf
                0x0000000000000000                vfscanf = __d_vfscanf
LOAD zephyr/CMakeFiles/zephyr_final.dir/misc/empty_file.c.obj
LOAD zephyr/CMakeFiles/zephyr_final.dir/isr_tables.c.obj
LOAD app/libapp.a
LOAD zephyr/libzephyr.a
LOAD zephyr/arch/common/libarch__common.a
LOAD zephyr/arch/arch/arm/core/aarch32/libarch__arm__core__aarch32.a
LOAD zephyr/arch/arch/arm/core/aarch32/cortex_m/libarch__arm__core__aarch32__cortex_m.a
LOAD zephyr/arch/arch/arm/core/aarch32/mpu/libarch__arm__core__aarch32__mpu.a
LOAD zephyr/lib/libc/picolibc/liblib__libc__picolibc.a
LOAD zephyr/lib/libc/common/liblib__libc__common.a
LOAD zephyr/soc/soc/arm/common/cortex_m/libsoc__arm__common__cortex_m.a
LOAD zephyr/soc/soc/arm/nordic_nrf/nrf52/libsoc__arm__nordic_nrf__nrf52.a
LOAD zephyr/drivers/usb/device/libdrivers__usb__device.a
LOAD zephyr/drivers/clock_control/libdrivers__clock_control.a
LOAD zephyr/drivers/console/libdrivers__console.a
LOAD zephyr/drivers/gpio/libdrivers__gpio.a
LOAD zephyr/drivers/hwinfo/libdrivers__hwinfo.a
LOAD zephyr/drivers/i2c/libdrivers__i2c.a
LOAD zephyr/drivers/pinctrl/libdrivers__pinctrl.a
LOAD zephyr/drivers/regulator/libdrivers__regulator.a
LOAD zephyr/drivers/sensor/lsm6dsl/libdrivers__sensor__lsm6dsl.a
LOAD zephyr/drivers/sensor/nrf5/libdrivers__sensor__nrf5.a
LOAD zephyr/drivers/serial/libdrivers__serial.a
LOAD zephyr/drivers/timer/libdrivers__timer.a
LOAD modules/nrf/lib/fatal_error/lib..__nrf__lib__fatal_error.a
LOAD modules/nrf/drivers/hw_cc310/lib..__nrf__drivers__hw_cc310.a
LOAD modules/hal_nordic/nrfx/libmodules__hal_nordic__nrfx.a
LOAD zephyr/kernel/libkernel.a
LOAD zephyr/CMakeFiles/offsets.dir/./arch/arm/core/offsets/offsets.c.obj
LOAD /opt/nordic/ncs/toolchains/20d68df7e5/opt/zephyr-sdk/arm-zephyr-eabi/bin/../lib/gcc/arm-zephyr-eabi/12.2.0/thumb/v7e-m/nofp/libgcc.a
LOAD zephyr/arch/common/libisr_tables.a
LOAD /opt/nordic/ncs/v2.5.3/nrfxlib/crypto/nrf_cc310_platform/lib/cortex-m4/soft-float/no-interrupts/libnrf_cc310_platform_0.9.18.a
LOAD /opt/nordic/ncs/toolchains/20d68df7e5/opt/zephyr-sdk/arm-zephyr-eabi/bin/../lib/gcc/../../picolibc/arm-zephyr-eabi/lib/thumb/v7e-m/nofp/libc.a
LOAD /opt/nordic/ncs/toolchains/20d68df7e5/opt/zephyr-sdk/arm-zephyr-eabi/bin/../lib/gcc/arm-zephyr-eabi/12.2.0/thumb/v7e-m/nofp/libgcc.a
                0x0000000000000020                _region_min_align = 0x20

.rel.plt        0x0000000000027000        0x0
 *(SORT_BY_ALIGNMENT(.rel.plt))
                [!provide]                        PROVIDE (__rel_iplt_start = .)
 *(SORT_BY_ALIGNMENT(.rel.iplt))
 .rel.iplt      0x0000000000027000        0x0 zephyr/CMakeFiles/zephyr_final.dir/isr_tables.c.obj
                [!provide]                        PROVIDE (__rel_iplt_end = .)

.rela.plt       0x0000000000000000        0x0
 *(SORT_BY_ALIGNMENT(.rela.plt))
                [!provide]                        PROVIDE (__rela_iplt_start = .)
 *(SORT_BY_ALIGNMENT(.rela.iplt))
                [!provide]                        PROVIDE (__rela_iplt_end = .)

.rel.dyn
 *(SORT_BY_ALIGNMENT(.rel.*))

.rela.dyn
 *(SORT_BY_ALIGNMENT(.rela.*))

/DISCARD/
 *(SORT_BY_ALIGNMENT(.plt))

/DISCARD/
 *(SORT_BY_ALIGNMENT(.iplt))
                0x0000000000027000                __rom_region_start = 0x27000

rom_start       0x0000000000027000      0x100
                0x0000000000027000                __rom_start_address = .
                0x0000000000027000                . = (. + (0x0 - (. - __rom_start_address)))
                0x0000000000027000                . = ALIGN (0x4)
                0x0000000000027000                . = ALIGN (0x80)
                0x0000000000027000                . = ALIGN (0x100)
                0x0000000000027000                _vector_start = .
 *(SORT_BY_ALIGNMENT(.exc_vector_table))
 *(SORT_BY_ALIGNMENT(.exc_vector_table.*))
 .exc_vector_table._vector_table_section
                0x0000000000027000       0x40 zephyr/arch/arch/arm/core/aarch32/cortex_m/libarch__arm__core__aarch32__cortex_m.a(vector_table.S.obj)
                0x0000000000027000                _vector_table
 *(SORT_BY_ALIGNMENT(.vectors))
                0x0000000000027100                _vector_end = .
                0x0000000000027040                . = ALIGN (0x4)
 *(SORT_BY_ALIGNMENT(.gnu.linkonce.irq_vector_table*))
 .gnu.linkonce.irq_vector_table
                0x0000000000027040       0xc0 zephyr/CMakeFiles/zephyr_final.dir/isr_tables.c.obj
                0x0000000000027040                _irq_vector_table
                0x0000000000027100                _vector_end = .

text            0x0000000000027100     0xcf90
                0x0000000000027100                __text_region_start = .
 *(SORT_BY_ALIGNMENT(.text))
 .text          0x0000000000027100      0x378 /opt/nordic/ncs/toolchains/20d68df7e5/opt/zephyr-sdk/arm-zephyr-eabi/bin/../lib/gcc/arm-zephyr-eabi/12.2.0/thumb/v7e-m/nofp/libgcc.a(_arm_addsubdf3.o)
                0x0000000000027100                __aeabi_drsub
                0x0000000000027108                __subdf3
                0x0000000000027108                __aeabi_dsub
                0x000000000002710c                __aeabi_dadd
                0x000000000002710c                __adddf3
                0x0000000000027384                __aeabi_ui2d
                0x0000000000027384                __floatunsidf
                0x00000000000273a4                __floatsidf
                0x00000000000273a4                __aeabi_i2d
                0x00000000000273c8                __extendsfdf2
                0x00000000000273c8                __aeabi_f2d
                0x000000000002740c                __aeabi_ul2d
                0x000000000002740c                __floatundidf
                0x000000000002741c                __aeabi_l2d
                0x000000000002741c                __floatdidf
 .text          0x0000000000027478      0x424 /opt/nordic/ncs/toolchains/20d68df7e5/opt/zephyr-sdk/arm-zephyr-eabi/bin/../lib/gcc/arm-zephyr-eabi/12.2.0/thumb/v7e-m/nofp/libgcc.a(_arm_muldivdf3.o)
                0x0000000000027478                __aeabi_dmul
                0x0000000000027478                __muldf3
                0x00000000000276cc                __aeabi_ddiv
                0x00000000000276cc                __divdf3
 .text          0x000000000002789c       0x50 /opt/nordic/ncs/toolchains/20d68df7e5/opt/zephyr-sdk/arm-zephyr-eabi/bin/../lib/gcc/arm-zephyr-eabi/12.2.0/thumb/v7e-m/nofp/libgcc.a(_arm_fixdfsi.o)
                0x000000000002789c                __fixdfsi
                0x000000000002789c                __aeabi_d2iz
 .text          0x00000000000278ec       0xa0 /opt/nordic/ncs/toolchains/20d68df7e5/opt/zephyr-sdk/arm-zephyr-eabi/bin/../lib/gcc/arm-zephyr-eabi/12.2.0/thumb/v7e-m/nofp/libgcc.a(_arm_truncdfsf2.o)
                0x00000000000278ec                __aeabi_d2f
                0x00000000000278ec                __truncdfsf2
 .text          0x000000000002798c      0x21c /opt/nordic/ncs/toolchains/20d68df7e5/opt/zephyr-sdk/arm-zephyr-eabi/bin/../lib/gcc/arm-zephyr-eabi/12.2.0/thumb/v7e-m/nofp/libgcc.a(_arm_addsubsf3.o)
                0x000000000002798c                __aeabi_frsub
                0x0000000000027994                __aeabi_fsub
                0x0000000000027994                __subsf3
                0x0000000000027998                __aeabi_fadd
                0x0000000000027998                __addsf3
                0x0000000000027af8                __aeabi_ui2f
                0x0000000000027af8                __floatunsisf
                0x0000000000027b00                __floatsisf
                0x0000000000027b00                __aeabi_i2f
                0x0000000000027b1c                __aeabi_ul2f
                0x0000000000027b1c                __floatundisf
                0x0000000000027b2c                __aeabi_l2f
                0x0000000000027b2c                __floatdisf
 .text          0x0000000000027ba8      0x2a0 /opt/nordic/ncs/toolchains/20d68df7e5/opt/zephyr-sdk/arm-zephyr-eabi/bin/../lib/gcc/arm-zephyr-eabi/12.2.0/thumb/v7e-m/nofp/libgcc.a(_arm_muldivsf3.o)
                0x0000000000027ba8                __mulsf3
                0x0000000000027ba8                __aeabi_fmul
                0x0000000000027d10                __divsf3
                0x0000000000027d10                __aeabi_fdiv
 .text          0x0000000000027e48       0xa0 /opt/nordic/ncs/toolchains/20d68df7e5/opt/zephyr-sdk/arm-zephyr-eabi/bin/../lib/gcc/arm-zephyr-eabi/12.2.0/thumb/v7e-m/nofp/libgcc.a(_aeabi_ldivmod.o)
                0x0000000000027e48                __aeabi_ldivmod
 .text          0x0000000000027ee8       0x30 /opt/nordic/ncs/toolchains/20d68df7e5/opt/zephyr-sdk/arm-zephyr-eabi/bin/../lib/gcc/arm-zephyr-eabi/12.2.0/thumb/v7e-m/nofp/libgcc.a(_aeabi_uldivmod.o)
                0x0000000000027ee8                __aeabi_uldivmod
 .text          0x0000000000027f18        0x4 /opt/nordic/ncs/toolchains/20d68df7e5/opt/zephyr-sdk/arm-zephyr-eabi/bin/../lib/gcc/arm-zephyr-eabi/12.2.0/thumb/v7e-m/nofp/libgcc.a(_dvmd_tls.o)
                0x0000000000027f18                __aeabi_ldiv0
                0x0000000000027f18                __aeabi_idiv0
 .text          0x0000000000027f1c      0x2a0 /opt/nordic/ncs/toolchains/20d68df7e5/opt/zephyr-sdk/arm-zephyr-eabi/bin/../lib/gcc/arm-zephyr-eabi/12.2.0/thumb/v7e-m/nofp/libgcc.a(_udivmoddi4.o)
                0x0000000000027f1c                __udivmoddi4
 .text          0x00000000000281bc       0x10 /opt/nordic/ncs/toolchains/20d68df7e5/opt/zephyr-sdk/arm-zephyr-eabi/bin/../lib/gcc/../../picolibc/arm-zephyr-eabi/lib/thumb/v7e-m/nofp/libc.a(strlen.S.o)
                0x00000000000281bc                strlen
 *(SORT_BY_ALIGNMENT(.text.*))
 *fill*         0x00000000000281cc        0x4 
 .text.lsm6dsl_accel_convert
                0x00000000000281d0       0x6c zephyr/drivers/sensor/lsm6dsl/libdrivers__sensor__lsm6dsl.a(lsm6dsl.c.obj)
 *fill*         0x000000000002823c        0x4 
 .text.lsm6dsl_gyro_convert
                0x0000000000028240       0x6c zephyr/drivers/sensor/lsm6dsl/libdrivers__sensor__lsm6dsl.a(lsm6dsl.c.obj)
 *fill*         0x00000000000282ac        0x4 
 .text.lsm6dsl_attr_set
                0x00000000000282b0      0x1b0 zephyr/drivers/sensor/lsm6dsl/libdrivers__sensor__lsm6dsl.a(lsm6dsl.c.obj)
 .text.out_ev   0x0000000000028460       0x28 app/libapp.a(main.c.obj)
 .text.setStatLed
                0x0000000000028488       0x2c app/libapp.a(main.c.obj)
 .text.lsm6dsl_trigger_handler
                0x00000000000284b4       0xe4 app/libapp.a(main.c.obj)
 .text.main     0x0000000000028598      0x210 app/libapp.a(main.c.obj)
                0x0000000000028598                main
 .text.char_out
                0x00000000000287a8        0xc zephyr/libzephyr.a(printk.c.obj)
 .text.__printk_hook_install
                0x00000000000287b4        0xc zephyr/libzephyr.a(printk.c.obj)
                0x00000000000287b4                __printk_hook_install
 .text.vprintk  0x00000000000287c0       0x30 zephyr/libzephyr.a(printk.c.obj)
                0x00000000000287c0                vprintk
 .text.z_thread_entry
                0x00000000000287f0       0x34 zephyr/libzephyr.a(thread_entry.c.obj)
                0x00000000000287f0                z_thread_entry
 .text.process_event
                0x0000000000028824      0x21c zephyr/libzephyr.a(onoff.c.obj)
 .text.sys_reboot
                0x0000000000028a40       0x30 zephyr/libzephyr.a(reboot.c.obj)
                0x0000000000028a40                sys_reboot
 .text.z_arm_platform_init
                0x0000000000028a70        0x4 zephyr/libzephyr.a(soc_nrf_common.S.obj)
                0x0000000000028a70                z_arm_platform_init
 .text.class_handler
                0x0000000000028a74       0x40 zephyr/libzephyr.a(usb_device.c.obj)
 .text.custom_handler
                0x0000000000028ab4       0x60 zephyr/libzephyr.a(usb_device.c.obj)
 .text.vendor_handler
                0x0000000000028b14       0x3c zephyr/libzephyr.a(usb_device.c.obj)
 .text.disable_endpoint
                0x0000000000028b50       0x2c zephyr/libzephyr.a(usb_device.c.obj)
 .text.usb_reset_alt_setting
                0x0000000000028b7c       0x10 zephyr/libzephyr.a(usb_device.c.obj)
 .text.is_ep_valid.part.0
                0x0000000000028b8c       0x38 zephyr/libzephyr.a(usb_device.c.obj)
 .text.usb_handle_request.constprop.0
                0x0000000000028bc4       0x2c zephyr/libzephyr.a(usb_device.c.obj)
 .text.forward_status_cb
                0x0000000000028bf0       0xac zephyr/libzephyr.a(usb_device.c.obj)
 .text.usb_halt_endpoint_req.isra.0
                0x0000000000028c9c       0x50 zephyr/libzephyr.a(usb_device.c.obj)
 .text.set_endpoint
                0x0000000000028cec       0x84 zephyr/libzephyr.a(usb_device.c.obj)
 .text.usb_handle_standard_request
                0x0000000000028d70      0x2ec zephyr/libzephyr.a(usb_device.c.obj)
 .text.usb_data_to_host
                0x000000000002905c       0x60 zephyr/libzephyr.a(usb_device.c.obj)
 .text.usb_handle_control_transfer
                0x00000000000290bc       0xdc zephyr/libzephyr.a(usb_device.c.obj)
 .text.usb_set_config
                0x0000000000029198       0x2c zephyr/libzephyr.a(usb_device.c.obj)
                0x0000000000029198                usb_set_config
 .text.usb_enable
                0x00000000000291c4      0x124 zephyr/libzephyr.a(usb_device.c.obj)
                0x00000000000291c4                usb_enable
 .text.usb_device_init
                0x00000000000292e8       0x30 zephyr/libzephyr.a(usb_device.c.obj)
 .text.usb_update_sn_string_descriptor
                0x0000000000029318       0x88 zephyr/libzephyr.a(usb_descriptor.c.obj)
                0x0000000000029318                usb_update_sn_string_descriptor
 .text.usb_get_device_descriptor
                0x00000000000293a0      0x1d8 zephyr/libzephyr.a(usb_descriptor.c.obj)
                0x00000000000293a0                usb_get_device_descriptor
 .text.usb_ep_get_transfer
                0x0000000000029578       0x2c zephyr/libzephyr.a(usb_transfer.c.obj)
 .text.usb_transfer_work
                0x00000000000295a4      0x104 zephyr/libzephyr.a(usb_transfer.c.obj)
 .text.usb_transfer_ep_callback
                0x00000000000296a8       0x5c zephyr/libzephyr.a(usb_transfer.c.obj)
                0x00000000000296a8                usb_transfer_ep_callback
 .text.usb_transfer
                0x0000000000029704       0xe4 zephyr/libzephyr.a(usb_transfer.c.obj)
                0x0000000000029704                usb_transfer
 .text.usb_cancel_transfer
                0x00000000000297e8       0x3c zephyr/libzephyr.a(usb_transfer.c.obj)
                0x00000000000297e8                usb_cancel_transfer
 .text.usb_cancel_transfers
                0x0000000000029824       0x48 zephyr/libzephyr.a(usb_transfer.c.obj)
                0x0000000000029824                usb_cancel_transfers
 .text.usb_transfer_init
                0x000000000002986c       0x34 zephyr/libzephyr.a(usb_transfer.c.obj)
                0x000000000002986c                usb_transfer_init
 .text.cdc_acm_int_in
                0x00000000000298a0       0x18 zephyr/libzephyr.a(cdc_acm.c.obj)
 .text.cdc_acm_irq_rx_enable
                0x00000000000298b8       0x20 zephyr/libzephyr.a(cdc_acm.c.obj)
 .text.cdc_acm_irq_tx_enable
                0x00000000000298d8       0x20 zephyr/libzephyr.a(cdc_acm.c.obj)
 .text.cdc_acm_fifo_fill
                0x00000000000298f8       0x38 zephyr/libzephyr.a(cdc_acm.c.obj)
 .text.cdc_acm_poll_out
                0x0000000000029930       0x64 zephyr/libzephyr.a(cdc_acm.c.obj)
 .text.tx_work_handler
                0x0000000000029994       0x5c zephyr/libzephyr.a(cdc_acm.c.obj)
 .text.cdc_acm_class_handle_req
                0x00000000000299f0       0x64 zephyr/libzephyr.a(cdc_acm.c.obj)
                0x00000000000299f0                cdc_acm_class_handle_req
 .text.cdc_acm_reset_port
                0x0000000000029a54       0x3c zephyr/libzephyr.a(cdc_acm.c.obj)
 .text.cdc_acm_write_cb
                0x0000000000029a90       0x44 zephyr/libzephyr.a(cdc_acm.c.obj)
 .text.cdc_acm_init
                0x0000000000029ad4       0x48 zephyr/libzephyr.a(cdc_acm.c.obj)
 .text.cdc_acm_read_cb
                0x0000000000029b1c       0x6c zephyr/libzephyr.a(cdc_acm.c.obj)
 .text.cdc_acm_dev_status_cb
                0x0000000000029b88       0x88 zephyr/libzephyr.a(cdc_acm.c.obj)
 .text.z_usb_work_q_init
                0x0000000000029c10       0x34 zephyr/libzephyr.a(usb_work_q.c.obj)
 .text.nrf_cc3xx_platform_abort_init
                0x0000000000029c44        0xc zephyr/libzephyr.a(nrf_cc3xx_platform_abort_zephyr.c.obj)
                0x0000000000029c44                nrf_cc3xx_platform_abort_init
 .text.mutex_free_platform
                0x0000000000029c50       0x54 zephyr/libzephyr.a(nrf_cc3xx_platform_mutex_zephyr.c.obj)
 .text.mutex_lock_platform
                0x0000000000029ca4       0x60 zephyr/libzephyr.a(nrf_cc3xx_platform_mutex_zephyr.c.obj)
 .text.mutex_unlock_platform
                0x0000000000029d04       0x58 zephyr/libzephyr.a(nrf_cc3xx_platform_mutex_zephyr.c.obj)
 .text.mutex_init_platform
                0x0000000000029d5c       0x94 zephyr/libzephyr.a(nrf_cc3xx_platform_mutex_zephyr.c.obj)
 .text.nrf_cc3xx_platform_mutex_init
                0x0000000000029df0       0x2c zephyr/libzephyr.a(nrf_cc3xx_platform_mutex_zephyr.c.obj)
                0x0000000000029df0                nrf_cc3xx_platform_mutex_init
 .text.z_arm_cpu_idle_init
                0x0000000000029e1c        0xc zephyr/arch/arch/arm/core/aarch32/libarch__arm__core__aarch32.a(cpu_idle.S.obj)
                0x0000000000029e1c                z_arm_cpu_idle_init
 .text.arch_cpu_idle
                0x0000000000029e28       0x1c zephyr/arch/arch/arm/core/aarch32/libarch__arm__core__aarch32.a(cpu_idle.S.obj)
                0x0000000000029e28                arch_cpu_idle
 .text.arch_cpu_atomic_idle
                0x0000000000029e44       0x18 zephyr/arch/arch/arm/core/aarch32/libarch__arm__core__aarch32.a(cpu_idle.S.obj)
                0x0000000000029e44                arch_cpu_atomic_idle
 .text.arch_irq_enable
                0x0000000000029e5c       0x1c zephyr/arch/arch/arm/core/aarch32/libarch__arm__core__aarch32.a(irq_manage.c.obj)
                0x0000000000029e5c                arch_irq_enable
 .text.arch_irq_disable
                0x0000000000029e78       0x28 zephyr/arch/arch/arm/core/aarch32/libarch__arm__core__aarch32.a(irq_manage.c.obj)
                0x0000000000029e78                arch_irq_disable
 .text.arch_irq_is_enabled
                0x0000000000029ea0       0x1c zephyr/arch/arch/arm/core/aarch32/libarch__arm__core__aarch32.a(irq_manage.c.obj)
                0x0000000000029ea0                arch_irq_is_enabled
 .text.z_arm_irq_priority_set
                0x0000000000029ebc       0x30 zephyr/arch/arch/arm/core/aarch32/libarch__arm__core__aarch32.a(irq_manage.c.obj)
                0x0000000000029ebc                z_arm_irq_priority_set
 .text.z_SysNmiOnReset
                0x0000000000029eec        0x8 zephyr/arch/arch/arm/core/aarch32/libarch__arm__core__aarch32.a(nmi_on_reset.S.obj)
                0x0000000000029eec                z_SysNmiOnReset
 .text.z_arm_prep_c
                0x0000000000029ef4       0x38 zephyr/arch/arch/arm/core/aarch32/libarch__arm__core__aarch32.a(prep_c.c.obj)
                0x0000000000029ef4                z_arm_prep_c
 .text.arch_swap
                0x0000000000029f2c       0x34 zephyr/arch/arch/arm/core/aarch32/libarch__arm__core__aarch32.a(swap.c.obj)
                0x0000000000029f2c                arch_swap
 .text.z_arm_pendsv
                0x0000000000029f60       0x64 zephyr/arch/arch/arm/core/aarch32/libarch__arm__core__aarch32.a(swap_helper.S.obj)
                0x0000000000029f60                z_arm_pendsv
 .text.z_arm_svc
                0x0000000000029fc4       0x20 zephyr/arch/arch/arm/core/aarch32/libarch__arm__core__aarch32.a(swap_helper.S.obj)
                0x0000000000029fc4                z_arm_svc
 .text.arch_new_thread
                0x0000000000029fe4       0x38 zephyr/arch/arch/arm/core/aarch32/libarch__arm__core__aarch32.a(thread.c.obj)
                0x0000000000029fe4                arch_new_thread
 .text.z_check_thread_stack_fail
                0x000000000002a01c       0x2c zephyr/arch/arch/arm/core/aarch32/libarch__arm__core__aarch32.a(thread.c.obj)
                0x000000000002a01c                z_check_thread_stack_fail
 .text.arch_switch_to_main_thread
                0x000000000002a048       0x38 zephyr/arch/arch/arm/core/aarch32/libarch__arm__core__aarch32.a(thread.c.obj)
                0x000000000002a048                arch_switch_to_main_thread
 .text._isr_wrapper
                0x000000000002a080       0x28 zephyr/arch/arch/arm/core/aarch32/libarch__arm__core__aarch32.a(isr_wrapper.S.obj)
                0x000000000002a080                _isr_wrapper
 .text.arch_tls_stack_setup
                0x000000000002a0a8       0x5c zephyr/arch/arch/arm/core/aarch32/libarch__arm__core__aarch32.a(tls.c.obj)
                0x000000000002a0a8                arch_tls_stack_setup
 .text._HandlerModeExit
                0x000000000002a104       0x1c zephyr/arch/arch/arm/core/aarch32/cortex_m/libarch__arm__core__aarch32__cortex_m.a(exc_exit.S.obj)
                0x000000000002a104                z_arm_exc_exit
                0x000000000002a104                z_arm_int_exit
 .text.mem_manage_fault
                0x000000000002a120       0xa0 zephyr/arch/arch/arm/core/aarch32/cortex_m/libarch__arm__core__aarch32__cortex_m.a(fault.c.obj)
 .text.usage_fault.constprop.0
                0x000000000002a1c0       0x54 zephyr/arch/arch/arm/core/aarch32/cortex_m/libarch__arm__core__aarch32__cortex_m.a(fault.c.obj)
 .text.bus_fault.constprop.0
                0x000000000002a214       0x6c zephyr/arch/arch/arm/core/aarch32/cortex_m/libarch__arm__core__aarch32__cortex_m.a(fault.c.obj)
 .text.z_arm_fault
                0x000000000002a280      0x128 zephyr/arch/arch/arm/core/aarch32/cortex_m/libarch__arm__core__aarch32__cortex_m.a(fault.c.obj)
                0x000000000002a280                z_arm_fault
 .text.z_arm_fault_init
                0x000000000002a3a8       0x10 zephyr/arch/arch/arm/core/aarch32/cortex_m/libarch__arm__core__aarch32__cortex_m.a(fault.c.obj)
                0x000000000002a3a8                z_arm_fault_init
 .text.__fault  0x000000000002a3b8       0x14 zephyr/arch/arch/arm/core/aarch32/cortex_m/libarch__arm__core__aarch32__cortex_m.a(fault_s.S.obj)
                0x000000000002a3b8                z_arm_bus_fault
                0x000000000002a3b8                z_arm_usage_fault
                0x000000000002a3b8                z_arm_mpu_fault
                0x000000000002a3b8                z_arm_exc_spurious
                0x000000000002a3b8                z_arm_debug_monitor
                0x000000000002a3b8                z_arm_hard_fault
 .text.z_arm_interrupt_init
                0x000000000002a3cc       0x18 zephyr/arch/arch/arm/core/aarch32/cortex_m/libarch__arm__core__aarch32__cortex_m.a(irq_init.c.obj)
                0x000000000002a3cc                z_arm_interrupt_init
 .text._reset_section
                0x000000000002a3e4       0x54 zephyr/arch/arch/arm/core/aarch32/cortex_m/libarch__arm__core__aarch32__cortex_m.a(reset.S.obj)
                0x000000000002a3e4                z_arm_reset
                0x000000000002a3e4                __start
 .text.sys_arch_reboot
                0x000000000002a438       0x24 zephyr/arch/arch/arm/core/aarch32/cortex_m/libarch__arm__core__aarch32__cortex_m.a(scb.c.obj)
                0x000000000002a438                sys_arch_reboot
 .text.z_arm_clear_arm_mpu_config
                0x000000000002a45c       0x24 zephyr/arch/arch/arm/core/aarch32/cortex_m/libarch__arm__core__aarch32__cortex_m.a(scb.c.obj)
                0x000000000002a45c                z_arm_clear_arm_mpu_config
 .text.z_arm_init_arch_hw_at_boot
                0x000000000002a480       0x64 zephyr/arch/arch/arm/core/aarch32/cortex_m/libarch__arm__core__aarch32__cortex_m.a(scb.c.obj)
                0x000000000002a480                z_arm_init_arch_hw_at_boot
 .text.z_impl_k_thread_abort
                0x000000000002a4e4       0x2c zephyr/arch/arch/arm/core/aarch32/cortex_m/libarch__arm__core__aarch32__cortex_m.a(thread_abort.c.obj)
                0x000000000002a4e4                z_impl_k_thread_abort
 .text.z_arm_configure_static_mpu_regions
                0x000000000002a510       0x18 zephyr/arch/arch/arm/core/aarch32/mpu/libarch__arm__core__aarch32__mpu.a(arm_core_mpu.c.obj)
                0x000000000002a510                z_arm_configure_static_mpu_regions
 .text.z_arm_configure_dynamic_mpu_regions
                0x000000000002a528       0x20 zephyr/arch/arch/arm/core/aarch32/mpu/libarch__arm__core__aarch32__mpu.a(arm_core_mpu.c.obj)
                0x000000000002a528                z_arm_configure_dynamic_mpu_regions
 .text.mpu_configure_regions
                0x000000000002a548       0x88 zephyr/arch/arch/arm/core/aarch32/mpu/libarch__arm__core__aarch32__mpu.a(arm_mpu.c.obj)
 .text.arm_core_mpu_enable
                0x000000000002a5d0       0x18 zephyr/arch/arch/arm/core/aarch32/mpu/libarch__arm__core__aarch32__mpu.a(arm_mpu.c.obj)
                0x000000000002a5d0                arm_core_mpu_enable
 .text.arm_core_mpu_disable
                0x000000000002a5e8       0x14 zephyr/arch/arch/arm/core/aarch32/mpu/libarch__arm__core__aarch32__mpu.a(arm_mpu.c.obj)
                0x000000000002a5e8                arm_core_mpu_disable
 .text.arm_core_mpu_configure_static_mpu_regions
                0x000000000002a5fc       0x14 zephyr/arch/arch/arm/core/aarch32/mpu/libarch__arm__core__aarch32__mpu.a(arm_mpu.c.obj)
                0x000000000002a5fc                arm_core_mpu_configure_static_mpu_regions
 .text.arm_core_mpu_configure_dynamic_mpu_regions
                0x000000000002a610       0x30 zephyr/arch/arch/arm/core/aarch32/mpu/libarch__arm__core__aarch32__mpu.a(arm_mpu.c.obj)
                0x000000000002a610                arm_core_mpu_configure_dynamic_mpu_regions
 .text.z_arm_mpu_init
                0x000000000002a640       0x60 zephyr/arch/arch/arm/core/aarch32/mpu/libarch__arm__core__aarch32__mpu.a(arm_mpu.c.obj)
                0x000000000002a640                z_arm_mpu_init
 .text.z_impl_zephyr_fputc
                0x000000000002a6a0       0x10 zephyr/lib/libc/picolibc/liblib__libc__picolibc.a(libc-hooks.c.obj)
                0x000000000002a6a0                z_impl_zephyr_fputc
 .text.__stdout_hook_install
                0x000000000002a6b0       0x18 zephyr/lib/libc/picolibc/liblib__libc__picolibc.a(libc-hooks.c.obj)
                0x000000000002a6b0                __stdout_hook_install
 .text.__chk_fail
                0x000000000002a6c8       0x18 zephyr/lib/libc/picolibc/liblib__libc__picolibc.a(libc-hooks.c.obj)
                0x000000000002a6c8                __chk_fail
 .text.malloc_prepare
                0x000000000002a6e0       0x24 zephyr/lib/libc/common/liblib__libc__common.a(malloc.c.obj)
 .text.nordicsemi_nrf52_init
                0x000000000002a704       0x44 zephyr/soc/soc/arm/nordic_nrf/nrf52/libsoc__arm__nordic_nrf__nrf52.a(soc.c.obj)
 .text.arch_busy_wait
                0x000000000002a748       0x14 zephyr/soc/soc/arm/nordic_nrf/nrf52/libsoc__arm__nordic_nrf__nrf52.a(soc.c.obj)
                0x000000000002a748                arch_busy_wait
 .text.endpoint_ctx
                0x000000000002a75c       0x60 zephyr/drivers/usb/device/libdrivers__usb__device.a(usb_dc_nrfx.c.obj)
 .text.usbd_work_schedule
                0x000000000002a7bc       0x10 zephyr/drivers/usb/device/libdrivers__usb__device.a(usb_dc_nrfx.c.obj)
 .text.usbd_evt_put
                0x000000000002a7cc        0xc zephyr/drivers/usb/device/libdrivers__usb__device.a(usb_dc_nrfx.c.obj)
 .text.usbd_evt_get
                0x000000000002a7d8       0x10 zephyr/drivers/usb/device/libdrivers__usb__device.a(usb_dc_nrfx.c.obj)
 .text.usb_init
                0x000000000002a7e8       0x70 zephyr/drivers/usb/device/libdrivers__usb__device.a(usb_dc_nrfx.c.obj)
 .text.hfxo_stop.constprop.0.isra.0
                0x000000000002a858       0x40 zephyr/drivers/usb/device/libdrivers__usb__device.a(usb_dc_nrfx.c.obj)
 .text.eps_ctx_init
                0x000000000002a898       0x68 zephyr/drivers/usb/device/libdrivers__usb__device.a(usb_dc_nrfx.c.obj)
 .text.usbd_evt_flush
                0x000000000002a900       0x1c zephyr/drivers/usb/device/libdrivers__usb__device.a(usb_dc_nrfx.c.obj)
 .text.usbd_evt_alloc
                0x000000000002a91c       0x44 zephyr/drivers/usb/device/libdrivers__usb__device.a(usb_dc_nrfx.c.obj)
 .text.usb_dc_power_event_handler
                0x000000000002a960       0x34 zephyr/drivers/usb/device/libdrivers__usb__device.a(usb_dc_nrfx.c.obj)
 .text.usbd_event_transfer_data
                0x000000000002a994       0xa8 zephyr/drivers/usb/device/libdrivers__usb__device.a(usb_dc_nrfx.c.obj)
 .text.usbd_event_handler
                0x000000000002aa3c      0x11c zephyr/drivers/usb/device/libdrivers__usb__device.a(usb_dc_nrfx.c.obj)
 .text.usbd_work_handler
                0x000000000002ab58      0x2e0 zephyr/drivers/usb/device/libdrivers__usb__device.a(usb_dc_nrfx.c.obj)
 .text.usb_dc_attach
                0x000000000002ae38       0x64 zephyr/drivers/usb/device/libdrivers__usb__device.a(usb_dc_nrfx.c.obj)
                0x000000000002ae38                usb_dc_attach
 .text.usb_dc_set_address
                0x000000000002ae9c       0x24 zephyr/drivers/usb/device/libdrivers__usb__device.a(usb_dc_nrfx.c.obj)
                0x000000000002ae9c                usb_dc_set_address
 .text.usb_dc_ep_configure
                0x000000000002aec0       0x48 zephyr/drivers/usb/device/libdrivers__usb__device.a(usb_dc_nrfx.c.obj)
                0x000000000002aec0                usb_dc_ep_configure
 .text.usb_dc_ep_set_stall
                0x000000000002af08       0x50 zephyr/drivers/usb/device/libdrivers__usb__device.a(usb_dc_nrfx.c.obj)
                0x000000000002af08                usb_dc_ep_set_stall
 .text.usb_dc_ep_clear_stall
                0x000000000002af58       0x40 zephyr/drivers/usb/device/libdrivers__usb__device.a(usb_dc_nrfx.c.obj)
                0x000000000002af58                usb_dc_ep_clear_stall
 .text.usb_dc_ep_is_stalled
                0x000000000002af98       0x38 zephyr/drivers/usb/device/libdrivers__usb__device.a(usb_dc_nrfx.c.obj)
                0x000000000002af98                usb_dc_ep_is_stalled
 .text.usb_dc_ep_enable
                0x000000000002afd0       0x54 zephyr/drivers/usb/device/libdrivers__usb__device.a(usb_dc_nrfx.c.obj)
                0x000000000002afd0                usb_dc_ep_enable
 .text.usb_dc_ep_write
                0x000000000002b024       0xf8 zephyr/drivers/usb/device/libdrivers__usb__device.a(usb_dc_nrfx.c.obj)
                0x000000000002b024                usb_dc_ep_write
 .text.usb_dc_ep_read_wait
                0x000000000002b11c       0x90 zephyr/drivers/usb/device/libdrivers__usb__device.a(usb_dc_nrfx.c.obj)
                0x000000000002b11c                usb_dc_ep_read_wait
 .text.usb_dc_ep_read_continue
                0x000000000002b1ac       0x84 zephyr/drivers/usb/device/libdrivers__usb__device.a(usb_dc_nrfx.c.obj)
                0x000000000002b1ac                usb_dc_ep_read_continue
 .text.usb_dc_ep_set_callback
                0x000000000002b230       0x28 zephyr/drivers/usb/device/libdrivers__usb__device.a(usb_dc_nrfx.c.obj)
                0x000000000002b230                usb_dc_ep_set_callback
 .text.usb_dc_set_status_callback
                0x000000000002b258        0xc zephyr/drivers/usb/device/libdrivers__usb__device.a(usb_dc_nrfx.c.obj)
                0x000000000002b258                usb_dc_set_status_callback
 .text.usb_dc_ep_mps
                0x000000000002b264       0x24 zephyr/drivers/usb/device/libdrivers__usb__device.a(usb_dc_nrfx.c.obj)
                0x000000000002b264                usb_dc_ep_mps
 .text.onoff_stop
                0x000000000002b288       0x30 zephyr/drivers/clock_control/libdrivers__clock_control.a(clock_control_nrf.c.obj)
 .text.onoff_start
                0x000000000002b2b8       0x44 zephyr/drivers/clock_control/libdrivers__clock_control.a(clock_control_nrf.c.obj)
 .text.clk_init
                0x000000000002b2fc       0x58 zephyr/drivers/clock_control/libdrivers__clock_control.a(clock_control_nrf.c.obj)
 .text.clkstarted_handle.constprop.0
                0x000000000002b354       0x34 zephyr/drivers/clock_control/libdrivers__clock_control.a(clock_control_nrf.c.obj)
 .text.clock_event_handler
                0x000000000002b388       0x1c zephyr/drivers/clock_control/libdrivers__clock_control.a(clock_control_nrf.c.obj)
 .text.generic_hfclk_start
                0x000000000002b3a4       0x64 zephyr/drivers/clock_control/libdrivers__clock_control.a(clock_control_nrf.c.obj)
 .text.api_blocking_start
                0x000000000002b408       0x34 zephyr/drivers/clock_control/libdrivers__clock_control.a(clock_control_nrf.c.obj)
 .text.generic_hfclk_stop
                0x000000000002b43c       0x34 zephyr/drivers/clock_control/libdrivers__clock_control.a(clock_control_nrf.c.obj)
 .text.z_nrf_clock_control_get_onoff
                0x000000000002b470       0x10 zephyr/drivers/clock_control/libdrivers__clock_control.a(clock_control_nrf.c.obj)
                0x000000000002b470                z_nrf_clock_control_get_onoff
 .text.z_nrf_clock_control_lf_on
                0x000000000002b480       0xfc zephyr/drivers/clock_control/libdrivers__clock_control.a(clock_control_nrf.c.obj)
                0x000000000002b480                z_nrf_clock_control_lf_on
 .text.uart_console_init
                0x000000000002b57c       0x28 zephyr/drivers/console/libdrivers__console.a(uart_console.c.obj)
 .text.console_out
                0x000000000002b5a4       0x28 zephyr/drivers/console/libdrivers__console.a(uart_console.c.obj)
 .text.gpio_nrfx_pin_interrupt_configure
                0x000000000002b5cc       0xe4 zephyr/drivers/gpio/libdrivers__gpio.a(gpio_nrfx.c.obj)
 .text.gpio_nrfx_init
                0x000000000002b6b0       0x38 zephyr/drivers/gpio/libdrivers__gpio.a(gpio_nrfx.c.obj)
 .text.nrfx_gpio_handler
                0x000000000002b6e8       0x4c zephyr/drivers/gpio/libdrivers__gpio.a(gpio_nrfx.c.obj)
 .text.gpio_nrfx_pin_configure
                0x000000000002b734      0x128 zephyr/drivers/gpio/libdrivers__gpio.a(gpio_nrfx.c.obj)
 .text.i2c_nrfx_twi_recover_bus
                0x000000000002b85c       0x24 zephyr/drivers/i2c/libdrivers__i2c.a(i2c_nrfx_twi.c.obj)
 .text.twi_1_init
                0x000000000002b880       0x58 zephyr/drivers/i2c/libdrivers__i2c.a(i2c_nrfx_twi.c.obj)
 .text.event_handler
                0x000000000002b8d8       0x34 zephyr/drivers/i2c/libdrivers__i2c.a(i2c_nrfx_twi.c.obj)
 .text.i2c_nrfx_twi_transfer
                0x000000000002b90c      0x100 zephyr/drivers/i2c/libdrivers__i2c.a(i2c_nrfx_twi.c.obj)
 .text.i2c_nrfx_twim_init
                0x000000000002ba0c       0x40 zephyr/drivers/i2c/libdrivers__i2c.a(i2c_nrfx_twim.c.obj)
 .text.i2c_nrfx_twim_recover_bus
                0x000000000002ba4c       0x3c zephyr/drivers/i2c/libdrivers__i2c.a(i2c_nrfx_twim.c.obj)
 .text.event_handler
                0x000000000002ba88       0x34 zephyr/drivers/i2c/libdrivers__i2c.a(i2c_nrfx_twim.c.obj)
 .text.i2c_nrfx_twim_transfer
                0x000000000002babc      0x170 zephyr/drivers/i2c/libdrivers__i2c.a(i2c_nrfx_twim.c.obj)
 .text.nrf_gpio_pin_port_decode
                0x000000000002bc2c       0x20 zephyr/drivers/pinctrl/libdrivers__pinctrl.a(pinctrl_nrf.c.obj)
 .text.pinctrl_configure_pins
                0x000000000002bc4c      0x190 zephyr/drivers/pinctrl/libdrivers__pinctrl.a(pinctrl_nrf.c.obj)
                0x000000000002bc4c                pinctrl_configure_pins
 .text.regulator_fixed_enable
                0x000000000002bddc       0x48 zephyr/drivers/regulator/libdrivers__regulator.a(regulator_fixed.c.obj)
 .text.lsm6dsl_accel_set_odr_raw
                0x000000000002be24       0x38 zephyr/drivers/sensor/lsm6dsl/libdrivers__sensor__lsm6dsl.a(lsm6dsl.c.obj)
 .text.lsm6dsl_init
                0x000000000002be5c       0xe0 zephyr/drivers/sensor/lsm6dsl/libdrivers__sensor__lsm6dsl.a(lsm6dsl.c.obj)
 .text.lsm6dsl_i2c_init
                0x000000000002bf3c       0x20 zephyr/drivers/sensor/lsm6dsl/libdrivers__sensor__lsm6dsl.a(lsm6dsl_i2c.c.obj)
                0x000000000002bf3c                lsm6dsl_i2c_init
 .text.lsm6dsl_init_interrupt
                0x000000000002bf5c       0xa0 zephyr/drivers/sensor/lsm6dsl/libdrivers__sensor__lsm6dsl.a(lsm6dsl_trigger.c.obj)
                0x000000000002bf5c                lsm6dsl_init_interrupt
 .text.hfclk_on_callback
                0x000000000002bffc        0xc zephyr/drivers/sensor/nrf5/libdrivers__sensor__nrf5.a(temp_nrf5.c.obj)
 .text.temp_nrf5_channel_get
                0x000000000002c008       0x2c zephyr/drivers/sensor/nrf5/libdrivers__sensor__nrf5.a(temp_nrf5.c.obj)
 .text.temp_nrf5_isr
                0x000000000002c034       0x18 zephyr/drivers/sensor/nrf5/libdrivers__sensor__nrf5.a(temp_nrf5.c.obj)
 .text.temp_nrf5_sample_fetch
                0x000000000002c04c       0x78 zephyr/drivers/sensor/nrf5/libdrivers__sensor__nrf5.a(temp_nrf5.c.obj)
 .text.temp_nrf5_init
                0x000000000002c0c4       0x40 zephyr/drivers/sensor/nrf5/libdrivers__sensor__nrf5.a(temp_nrf5.c.obj)
 .text.uarte_nrfx_configure
                0x000000000002c104      0x168 zephyr/drivers/serial/libdrivers__serial.a(uart_nrfx_uarte.c.obj)
 .text.uarte_0_init
                0x000000000002c26c       0xe8 zephyr/drivers/serial/libdrivers__serial.a(uart_nrfx_uarte.c.obj)
 .text.uarte_nrfx_poll_out
                0x000000000002c354       0x98 zephyr/drivers/serial/libdrivers__serial.a(uart_nrfx_uarte.c.obj)
 .text.compare_int_lock
                0x000000000002c3ec       0x48 zephyr/drivers/timer/libdrivers__timer.a(nrf_rtc_timer.c.obj)
 .text.sys_clock_timeout_handler
                0x000000000002c434       0x48 zephyr/drivers/timer/libdrivers__timer.a(nrf_rtc_timer.c.obj)
 .text.compare_int_unlock
                0x000000000002c47c       0x5c zephyr/drivers/timer/libdrivers__timer.a(nrf_rtc_timer.c.obj)
 .text.z_nrf_rtc_timer_read
                0x000000000002c4d8       0x44 zephyr/drivers/timer/libdrivers__timer.a(nrf_rtc_timer.c.obj)
                0x000000000002c4d8                z_nrf_rtc_timer_read
 .text.compare_set
                0x000000000002c51c      0x130 zephyr/drivers/timer/libdrivers__timer.a(nrf_rtc_timer.c.obj)
 .text.sys_clock_driver_init
                0x000000000002c64c       0x90 zephyr/drivers/timer/libdrivers__timer.a(nrf_rtc_timer.c.obj)
 .text.rtc_nrf_isr
                0x000000000002c6dc       0xd4 zephyr/drivers/timer/libdrivers__timer.a(nrf_rtc_timer.c.obj)
                0x000000000002c6dc                rtc_nrf_isr
 .text.sys_clock_set_timeout
                0x000000000002c7b0       0x68 zephyr/drivers/timer/libdrivers__timer.a(nrf_rtc_timer.c.obj)
                0x000000000002c7b0                sys_clock_set_timeout
 .text.sys_clock_elapsed
                0x000000000002c818       0x14 zephyr/drivers/timer/libdrivers__timer.a(nrf_rtc_timer.c.obj)
                0x000000000002c818                sys_clock_elapsed
 .text.sys_clock_disable
                0x000000000002c82c       0x30 zephyr/drivers/timer/libdrivers__timer.a(nrf_rtc_timer.c.obj)
                0x000000000002c82c                sys_clock_disable
 .text.nrf52_errata_98
                0x000000000002c85c       0x24 modules/hal_nordic/nrfx/libmodules__hal_nordic__nrfx.a(system_nrf52840.c.obj)
 .text.nvmc_wait
                0x000000000002c880       0x10 modules/hal_nordic/nrfx/libmodules__hal_nordic__nrfx.a(system_nrf52840.c.obj)
                0x000000000002c880                nvmc_wait
 .text.SystemInit
                0x000000000002c890      0x1bc modules/hal_nordic/nrfx/libmodules__hal_nordic__nrfx.a(system_nrf52840.c.obj)
                0x000000000002c890                SystemInit
 .text.nrfx_flag32_alloc
                0x000000000002ca4c       0x48 modules/hal_nordic/nrfx/libmodules__hal_nordic__nrfx.a(nrfx_flag32_allocator.c.obj)
                0x000000000002ca4c                nrfx_flag32_alloc
 .text.nrfx_flag32_free
                0x000000000002ca94       0x40 modules/hal_nordic/nrfx/libmodules__hal_nordic__nrfx.a(nrfx_flag32_allocator.c.obj)
                0x000000000002ca94                nrfx_flag32_free
 .text.nrfx_gppi_channels_enable
                0x000000000002cad4        0xc modules/hal_nordic/nrfx/libmodules__hal_nordic__nrfx.a(nrfx_gppi_ppi.c.obj)
                0x000000000002cad4                nrfx_gppi_channels_enable
 .text.clock_stop
                0x000000000002cae0       0xc4 modules/hal_nordic/nrfx/libmodules__hal_nordic__nrfx.a(nrfx_clock.c.obj)
 .text.nrfx_clock_init
                0x000000000002cba4       0x20 modules/hal_nordic/nrfx/libmodules__hal_nordic__nrfx.a(nrfx_clock.c.obj)
                0x000000000002cba4                nrfx_clock_init
 .text.nrfx_clock_enable
                0x000000000002cbc4       0x24 modules/hal_nordic/nrfx/libmodules__hal_nordic__nrfx.a(nrfx_clock.c.obj)
                0x000000000002cbc4                nrfx_clock_enable
 .text.nrfx_clock_irq_handler
                0x000000000002cbe8       0x68 modules/hal_nordic/nrfx/libmodules__hal_nordic__nrfx.a(nrfx_clock.c.obj)
                0x000000000002cbe8                nrfx_clock_irq_handler
 .text.nrf_gpio_pin_port_decode
                0x000000000002cc50       0x20 modules/hal_nordic/nrfx/libmodules__hal_nordic__nrfx.a(nrfx_gpiote.c.obj)
 .text.get_pin_idx
                0x000000000002cc70       0x14 modules/hal_nordic/nrfx/libmodules__hal_nordic__nrfx.a(nrfx_gpiote.c.obj)
 .text.pin_in_use_by_te
                0x000000000002cc84       0x18 modules/hal_nordic/nrfx/libmodules__hal_nordic__nrfx.a(nrfx_gpiote.c.obj)
 .text.pin_is_output
                0x000000000002cc9c       0x18 modules/hal_nordic/nrfx/libmodules__hal_nordic__nrfx.a(nrfx_gpiote.c.obj)
 .text.pin_te_get
                0x000000000002ccb4       0x18 modules/hal_nordic/nrfx/libmodules__hal_nordic__nrfx.a(nrfx_gpiote.c.obj)
 .text.call_handler
                0x000000000002cccc       0x40 modules/hal_nordic/nrfx/libmodules__hal_nordic__nrfx.a(nrfx_gpiote.c.obj)
 .text.release_handler
                0x000000000002cd0c       0x58 modules/hal_nordic/nrfx/libmodules__hal_nordic__nrfx.a(nrfx_gpiote.c.obj)
 .text.__nrfy_internal_gpiote_events_process.constprop.0
                0x000000000002cd64       0x54 modules/hal_nordic/nrfx/libmodules__hal_nordic__nrfx.a(nrfx_gpiote.c.obj)
 .text.nrfx_gpiote_input_configure
                0x000000000002cdb8      0x180 modules/hal_nordic/nrfx/libmodules__hal_nordic__nrfx.a(nrfx_gpiote.c.obj)
                0x000000000002cdb8                nrfx_gpiote_input_configure
 .text.nrfx_gpiote_output_configure
                0x000000000002cf38       0xf4 modules/hal_nordic/nrfx/libmodules__hal_nordic__nrfx.a(nrfx_gpiote.c.obj)
                0x000000000002cf38                nrfx_gpiote_output_configure
 .text.nrfx_gpiote_global_callback_set
                0x000000000002d02c        0xc modules/hal_nordic/nrfx/libmodules__hal_nordic__nrfx.a(nrfx_gpiote.c.obj)
                0x000000000002d02c                nrfx_gpiote_global_callback_set
 .text.nrfx_gpiote_channel_get
                0x000000000002d038       0x30 modules/hal_nordic/nrfx/libmodules__hal_nordic__nrfx.a(nrfx_gpiote.c.obj)
                0x000000000002d038                nrfx_gpiote_channel_get
 .text.nrfx_gpiote_init
                0x000000000002d068       0x50 modules/hal_nordic/nrfx/libmodules__hal_nordic__nrfx.a(nrfx_gpiote.c.obj)
                0x000000000002d068                nrfx_gpiote_init
 .text.nrfx_gpiote_is_init
                0x000000000002d0b8       0x14 modules/hal_nordic/nrfx/libmodules__hal_nordic__nrfx.a(nrfx_gpiote.c.obj)
                0x000000000002d0b8                nrfx_gpiote_is_init
 .text.nrfx_gpiote_channel_free
                0x000000000002d0cc        0xc modules/hal_nordic/nrfx/libmodules__hal_nordic__nrfx.a(nrfx_gpiote.c.obj)
                0x000000000002d0cc                nrfx_gpiote_channel_free
 .text.nrfx_gpiote_channel_alloc
                0x000000000002d0d8        0xc modules/hal_nordic/nrfx/libmodules__hal_nordic__nrfx.a(nrfx_gpiote.c.obj)
                0x000000000002d0d8                nrfx_gpiote_channel_alloc
 .text.nrfx_gpiote_trigger_enable
                0x000000000002d0e4       0x9c modules/hal_nordic/nrfx/libmodules__hal_nordic__nrfx.a(nrfx_gpiote.c.obj)
                0x000000000002d0e4                nrfx_gpiote_trigger_enable
 .text.nrfx_gpiote_trigger_disable
                0x000000000002d180       0x4c modules/hal_nordic/nrfx/libmodules__hal_nordic__nrfx.a(nrfx_gpiote.c.obj)
                0x000000000002d180                nrfx_gpiote_trigger_disable
 .text.nrfx_gpiote_pin_uninit
                0x000000000002d1cc       0x80 modules/hal_nordic/nrfx/libmodules__hal_nordic__nrfx.a(nrfx_gpiote.c.obj)
                0x000000000002d1cc                nrfx_gpiote_pin_uninit
 .text.nrfx_gpiote_irq_handler
                0x000000000002d24c      0x1a8 modules/hal_nordic/nrfx/libmodules__hal_nordic__nrfx.a(nrfx_gpiote.c.obj)
                0x000000000002d24c                nrfx_gpiote_irq_handler
 .text.nrfx_power_init
                0x000000000002d3f4       0x74 modules/hal_nordic/nrfx/libmodules__hal_nordic__nrfx.a(nrfx_power.c.obj)
                0x000000000002d3f4                nrfx_power_init
 .text.nrfx_power_usbevt_uninit
                0x000000000002d468       0x18 modules/hal_nordic/nrfx/libmodules__hal_nordic__nrfx.a(nrfx_power.c.obj)
                0x000000000002d468                nrfx_power_usbevt_uninit
 .text.nrfx_power_usbevt_init
                0x000000000002d480       0x14 modules/hal_nordic/nrfx/libmodules__hal_nordic__nrfx.a(nrfx_power.c.obj)
                0x000000000002d480                nrfx_power_usbevt_init
 .text.nrfx_power_irq_handler
                0x000000000002d494       0xa0 modules/hal_nordic/nrfx/libmodules__hal_nordic__nrfx.a(nrfx_power.c.obj)
                0x000000000002d494                nrfx_power_irq_handler
 .text.nrfx_ppi_channel_alloc
                0x000000000002d534        0xc modules/hal_nordic/nrfx/libmodules__hal_nordic__nrfx.a(nrfx_ppi.c.obj)
                0x000000000002d534                nrfx_ppi_channel_alloc
 .text.nrf_gpio_cfg.constprop.0
                0x000000000002d540       0x48 modules/hal_nordic/nrfx/libmodules__hal_nordic__nrfx.a(nrfx_twi.c.obj)
 .text.twi_configure
                0x000000000002d588       0x3c modules/hal_nordic/nrfx/libmodules__hal_nordic__nrfx.a(nrfx_twi.c.obj)
 .text.twi_tx_start_transfer
                0x000000000002d5c4      0x104 modules/hal_nordic/nrfx/libmodules__hal_nordic__nrfx.a(nrfx_twi.c.obj)
 .text.twi_rx_start_transfer
                0x000000000002d6c8       0xe4 modules/hal_nordic/nrfx/libmodules__hal_nordic__nrfx.a(nrfx_twi.c.obj)
 .text.nrfx_twi_init
                0x000000000002d7ac       0x88 modules/hal_nordic/nrfx/libmodules__hal_nordic__nrfx.a(nrfx_twi.c.obj)
                0x000000000002d7ac                nrfx_twi_init
 .text.nrfx_twi_enable
                0x000000000002d834       0x20 modules/hal_nordic/nrfx/libmodules__hal_nordic__nrfx.a(nrfx_twi.c.obj)
                0x000000000002d834                nrfx_twi_enable
 .text.nrfx_twi_disable
                0x000000000002d854       0x38 modules/hal_nordic/nrfx/libmodules__hal_nordic__nrfx.a(nrfx_twi.c.obj)
                0x000000000002d854                nrfx_twi_disable
 .text.nrfx_twi_xfer
                0x000000000002d88c       0xdc modules/hal_nordic/nrfx/libmodules__hal_nordic__nrfx.a(nrfx_twi.c.obj)
                0x000000000002d88c                nrfx_twi_xfer
 .text.nrfx_twi_1_irq_handler
                0x000000000002d968       0xd8 modules/hal_nordic/nrfx/libmodules__hal_nordic__nrfx.a(nrfx_twi.c.obj)
                0x000000000002d968                nrfx_twi_1_irq_handler
 .text.nrf_gpio_cfg.constprop.0
                0x000000000002da40       0x48 modules/hal_nordic/nrfx/libmodules__hal_nordic__nrfx.a(nrfx_twim.c.obj)
 .text.twim_configure
                0x000000000002da88       0x3c modules/hal_nordic/nrfx/libmodules__hal_nordic__nrfx.a(nrfx_twim.c.obj)
 .text.nrfx_twim_init
                0x000000000002dac4       0x88 modules/hal_nordic/nrfx/libmodules__hal_nordic__nrfx.a(nrfx_twim.c.obj)
                0x000000000002dac4                nrfx_twim_init
 .text.nrfx_twim_enable
                0x000000000002db4c       0x20 modules/hal_nordic/nrfx/libmodules__hal_nordic__nrfx.a(nrfx_twim.c.obj)
                0x000000000002db4c                nrfx_twim_enable
 .text.nrfx_twim_disable
                0x000000000002db6c       0x3c modules/hal_nordic/nrfx/libmodules__hal_nordic__nrfx.a(nrfx_twim.c.obj)
                0x000000000002db6c                nrfx_twim_disable
 .text.nrfx_twim_xfer
                0x000000000002dba8      0x350 modules/hal_nordic/nrfx/libmodules__hal_nordic__nrfx.a(nrfx_twim.c.obj)
                0x000000000002dba8                nrfx_twim_xfer
 .text.nrfx_twim_0_irq_handler
                0x000000000002def8      0x184 modules/hal_nordic/nrfx/libmodules__hal_nordic__nrfx.a(nrfx_twim.c.obj)
                0x000000000002def8                nrfx_twim_0_irq_handler
 .text.nrf52_errata_187
                0x000000000002e07c       0x28 modules/hal_nordic/nrfx/libmodules__hal_nordic__nrfx.a(nrfx_usbd.c.obj)
 .text.ep_state_access
                0x000000000002e0a4       0x1c modules/hal_nordic/nrfx/libmodules__hal_nordic__nrfx.a(nrfx_usbd.c.obj)
 .text.ev_usbreset_handler
                0x000000000002e0c0       0x2c modules/hal_nordic/nrfx/libmodules__hal_nordic__nrfx.a(nrfx_usbd.c.obj)
 .text.ev_usbevent_handler
                0x000000000002e0ec       0x74 modules/hal_nordic/nrfx/libmodules__hal_nordic__nrfx.a(nrfx_usbd.c.obj)
 .text.usbd_errata_187_211_begin
                0x000000000002e160       0x40 modules/hal_nordic/nrfx/libmodules__hal_nordic__nrfx.a(nrfx_usbd.c.obj)
 .text.usbd_errata_187_211_end
                0x000000000002e1a0       0x40 modules/hal_nordic/nrfx/libmodules__hal_nordic__nrfx.a(nrfx_usbd.c.obj)
 .text.nrfx_usbd_feeder_flash
                0x000000000002e1e0       0x38 modules/hal_nordic/nrfx/libmodules__hal_nordic__nrfx.a(nrfx_usbd.c.obj)
                0x000000000002e1e0                nrfx_usbd_feeder_flash
 .text.nrfx_usbd_feeder_flash_zlp
                0x000000000002e218       0x40 modules/hal_nordic/nrfx/libmodules__hal_nordic__nrfx.a(nrfx_usbd.c.obj)
                0x000000000002e218                nrfx_usbd_feeder_flash_zlp
 .text.ev_sof_handler
                0x000000000002e258       0x44 modules/hal_nordic/nrfx/libmodules__hal_nordic__nrfx.a(nrfx_usbd.c.obj)
 .text.atomic_and.constprop.0.isra.0
                0x000000000002e29c       0x20 modules/hal_nordic/nrfx/libmodules__hal_nordic__nrfx.a(nrfx_usbd.c.obj)
 .text.usbd_dma_pending_clear
                0x000000000002e2bc       0x24 modules/hal_nordic/nrfx/libmodules__hal_nordic__nrfx.a(nrfx_usbd.c.obj)
 .text.nrf_usbd_ep0in_dma_handler
                0x000000000002e2e0       0x2c modules/hal_nordic/nrfx/libmodules__hal_nordic__nrfx.a(nrfx_usbd.c.obj)
 .text.usbd_ep_data_handler
                0x000000000002e30c       0x8c modules/hal_nordic/nrfx/libmodules__hal_nordic__nrfx.a(nrfx_usbd.c.obj)
 .text.ev_setup_data_handler
                0x000000000002e398       0x1c modules/hal_nordic/nrfx/libmodules__hal_nordic__nrfx.a(nrfx_usbd.c.obj)
 .text.ev_dma_epout8_handler
                0x000000000002e3b4       0x40 modules/hal_nordic/nrfx/libmodules__hal_nordic__nrfx.a(nrfx_usbd.c.obj)
 .text.ev_dma_epin8_handler
                0x000000000002e3f4       0x50 modules/hal_nordic/nrfx/libmodules__hal_nordic__nrfx.a(nrfx_usbd.c.obj)
 .text.nrfx_usbd_uninit
                0x000000000002e444       0x14 modules/hal_nordic/nrfx/libmodules__hal_nordic__nrfx.a(nrfx_usbd.c.obj)
                0x000000000002e444                nrfx_usbd_uninit
 .text.nrfx_usbd_enable
                0x000000000002e458      0x158 modules/hal_nordic/nrfx/libmodules__hal_nordic__nrfx.a(nrfx_usbd.c.obj)
                0x000000000002e458                nrfx_usbd_enable
 .text.nrfx_usbd_start
                0x000000000002e5b0       0x3c modules/hal_nordic/nrfx/libmodules__hal_nordic__nrfx.a(nrfx_usbd.c.obj)
                0x000000000002e5b0                nrfx_usbd_start
 .text.nrfx_usbd_is_enabled
                0x000000000002e5ec       0x14 modules/hal_nordic/nrfx/libmodules__hal_nordic__nrfx.a(nrfx_usbd.c.obj)
                0x000000000002e5ec                nrfx_usbd_is_enabled
 .text.nrfx_usbd_suspend
                0x000000000002e600       0x58 modules/hal_nordic/nrfx/libmodules__hal_nordic__nrfx.a(nrfx_usbd.c.obj)
                0x000000000002e600                nrfx_usbd_suspend
 .text.nrfx_usbd_init
                0x000000000002e658       0x84 modules/hal_nordic/nrfx/libmodules__hal_nordic__nrfx.a(nrfx_usbd.c.obj)
                0x000000000002e658                nrfx_usbd_init
 .text.nrfx_usbd_ep_transfer
                0x000000000002e6dc       0xf4 modules/hal_nordic/nrfx/libmodules__hal_nordic__nrfx.a(nrfx_usbd.c.obj)
                0x000000000002e6dc                nrfx_usbd_ep_transfer
 .text.nrfx_usbd_epout_size_get
                0x000000000002e7d0       0x28 modules/hal_nordic/nrfx/libmodules__hal_nordic__nrfx.a(nrfx_usbd.c.obj)
                0x000000000002e7d0                nrfx_usbd_epout_size_get
 .text.usbd_dmareq_process
                0x000000000002e7f8      0x1c0 modules/hal_nordic/nrfx/libmodules__hal_nordic__nrfx.a(nrfx_usbd.c.obj)
 .text.ev_epdata_handler
                0x000000000002e9b8       0x44 modules/hal_nordic/nrfx/libmodules__hal_nordic__nrfx.a(nrfx_usbd.c.obj)
 .text.nrf_usbd_epout_dma_handler
                0x000000000002e9fc       0x64 modules/hal_nordic/nrfx/libmodules__hal_nordic__nrfx.a(nrfx_usbd.c.obj)
 .text.nrfx_usbd_ep_stall
                0x000000000002ea60       0x10 modules/hal_nordic/nrfx/libmodules__hal_nordic__nrfx.a(nrfx_usbd.c.obj)
                0x000000000002ea60                nrfx_usbd_ep_stall
 .text.nrfx_usbd_ep_stall_check
                0x000000000002ea70       0x34 modules/hal_nordic/nrfx/libmodules__hal_nordic__nrfx.a(nrfx_usbd.c.obj)
                0x000000000002ea70                nrfx_usbd_ep_stall_check
 .text.nrfx_usbd_ep_dtoggle_clear
                0x000000000002eaa4       0x18 modules/hal_nordic/nrfx/libmodules__hal_nordic__nrfx.a(nrfx_usbd.c.obj)
                0x000000000002eaa4                nrfx_usbd_ep_dtoggle_clear
 .text.nrfx_usbd_setup_get
                0x000000000002eabc       0x44 modules/hal_nordic/nrfx/libmodules__hal_nordic__nrfx.a(nrfx_usbd.c.obj)
                0x000000000002eabc                nrfx_usbd_setup_get
 .text.nrfx_usbd_setup_data_clear
                0x000000000002eb00       0x10 modules/hal_nordic/nrfx/libmodules__hal_nordic__nrfx.a(nrfx_usbd.c.obj)
                0x000000000002eb00                nrfx_usbd_setup_data_clear
 .text.ev_dma_epout0_handler
                0x000000000002eb10       0x50 modules/hal_nordic/nrfx/libmodules__hal_nordic__nrfx.a(nrfx_usbd.c.obj)
 .text.nrfx_usbd_setup_clear
                0x000000000002eb60       0x10 modules/hal_nordic/nrfx/libmodules__hal_nordic__nrfx.a(nrfx_usbd.c.obj)
                0x000000000002eb60                nrfx_usbd_setup_clear
 .text.nrfx_usbd_setup_stall
                0x000000000002eb70       0x10 modules/hal_nordic/nrfx/libmodules__hal_nordic__nrfx.a(nrfx_usbd.c.obj)
                0x000000000002eb70                nrfx_usbd_setup_stall
 .text.nrfx_usbd_last_setup_dir_get
                0x000000000002eb80        0xc modules/hal_nordic/nrfx/libmodules__hal_nordic__nrfx.a(nrfx_usbd.c.obj)
                0x000000000002eb80                nrfx_usbd_last_setup_dir_get
 .text.nrfx_usbd_transfer_out_drop
                0x000000000002eb8c       0x54 modules/hal_nordic/nrfx/libmodules__hal_nordic__nrfx.a(nrfx_usbd.c.obj)
                0x000000000002eb8c                nrfx_usbd_transfer_out_drop
 .text.usbd_ep_abort
                0x000000000002ebe0       0xf4 modules/hal_nordic/nrfx/libmodules__hal_nordic__nrfx.a(nrfx_usbd.c.obj)
 .text.ev_setup_handler
                0x000000000002ecd4       0x68 modules/hal_nordic/nrfx/libmodules__hal_nordic__nrfx.a(nrfx_usbd.c.obj)
 .text.nrfx_usbd_irq_handler
                0x000000000002ed3c       0x7c modules/hal_nordic/nrfx/libmodules__hal_nordic__nrfx.a(nrfx_usbd.c.obj)
                0x000000000002ed3c                nrfx_usbd_irq_handler
 .text.nrfx_usbd_stop
                0x000000000002edb8       0x80 modules/hal_nordic/nrfx/libmodules__hal_nordic__nrfx.a(nrfx_usbd.c.obj)
                0x000000000002edb8                nrfx_usbd_stop
 .text.nrfx_usbd_disable
                0x000000000002ee38       0x60 modules/hal_nordic/nrfx/libmodules__hal_nordic__nrfx.a(nrfx_usbd.c.obj)
                0x000000000002ee38                nrfx_usbd_disable
 .text.nrfx_usbd_ep_disable
                0x000000000002ee98       0x58 modules/hal_nordic/nrfx/libmodules__hal_nordic__nrfx.a(nrfx_usbd.c.obj)
                0x000000000002ee98                nrfx_usbd_ep_disable
 .text.nrfx_usbd_ep_enable
                0x000000000002eef0       0xa8 modules/hal_nordic/nrfx/libmodules__hal_nordic__nrfx.a(nrfx_usbd.c.obj)
                0x000000000002eef0                nrfx_usbd_ep_enable
 .text.nrfx_usbd_ep_stall_clear
                0x000000000002ef98       0x20 modules/hal_nordic/nrfx/libmodules__hal_nordic__nrfx.a(nrfx_usbd.c.obj)
                0x000000000002ef98                nrfx_usbd_ep_stall_clear
 .text.nrf_gpio_pin_port_decode
                0x000000000002efb8       0x20 modules/hal_nordic/nrfx/libmodules__hal_nordic__nrfx.a(nrfx_twi_twim.c.obj)
 .text.nrfx_twi_twim_bus_recover
                0x000000000002efd8       0xdc modules/hal_nordic/nrfx/libmodules__hal_nordic__nrfx.a(nrfx_twi_twim.c.obj)
                0x000000000002efd8                nrfx_twi_twim_bus_recover
 .text.z_fatal_error
                0x000000000002f0b4       0x38 zephyr/kernel/libkernel.a(fatal.c.obj)
                0x000000000002f0b4                z_fatal_error
 .text.z_sys_init_run_level
                0x000000000002f0ec       0x48 zephyr/kernel/libkernel.a(init.c.obj)
 .text.bg_thread_main
                0x000000000002f134       0x34 zephyr/kernel/libkernel.a(init.c.obj)
 .text.z_bss_zero
                0x000000000002f168       0x18 zephyr/kernel/libkernel.a(init.c.obj)
                0x000000000002f168                z_bss_zero
 .text.z_init_cpu
                0x000000000002f180       0x8c zephyr/kernel/libkernel.a(init.c.obj)
                0x000000000002f180                z_init_cpu
 .text.z_cstart
                0x000000000002f20c       0xdc zephyr/kernel/libkernel.a(init.c.obj)
                0x000000000002f20c                z_cstart
 .text.init_mem_slab_module
                0x000000000002f2e8       0x24 zephyr/kernel/libkernel.a(mem_slab.c.obj)
 .text.k_mem_slab_alloc
                0x000000000002f30c       0x5c zephyr/kernel/libkernel.a(mem_slab.c.obj)
                0x000000000002f30c                k_mem_slab_alloc
 .text.z_setup_new_thread
                0x000000000002f368       0x80 zephyr/kernel/libkernel.a(thread.c.obj)
                0x000000000002f368                z_setup_new_thread
 .text.z_impl_k_thread_create
                0x000000000002f3e8       0x58 zephyr/kernel/libkernel.a(thread.c.obj)
                0x000000000002f3e8                z_impl_k_thread_create
 .text.z_init_static_threads
                0x000000000002f440       0xb8 zephyr/kernel/libkernel.a(thread.c.obj)
                0x000000000002f440                z_init_static_threads
 .text.z_impl_k_mutex_lock
                0x000000000002f4f8       0xf4 zephyr/kernel/libkernel.a(mutex.c.obj)
                0x000000000002f4f8                z_impl_k_mutex_lock
 .text.z_impl_k_mutex_unlock
                0x000000000002f5ec       0x78 zephyr/kernel/libkernel.a(mutex.c.obj)
                0x000000000002f5ec                z_impl_k_mutex_unlock
 .text.z_impl_k_queue_get
                0x000000000002f664       0x68 zephyr/kernel/libkernel.a(queue.c.obj)
                0x000000000002f664                z_impl_k_queue_get
 .text.z_impl_k_sem_give
                0x000000000002f6cc       0x48 zephyr/kernel/libkernel.a(sem.c.obj)
                0x000000000002f6cc                z_impl_k_sem_give
 .text.z_impl_k_sem_take
                0x000000000002f714       0x50 zephyr/kernel/libkernel.a(sem.c.obj)
                0x000000000002f714                z_impl_k_sem_take
 .text.work_queue_main
                0x000000000002f764      0x138 zephyr/kernel/libkernel.a(work.c.obj)
 .text.submit_to_queue_locked
                0x000000000002f89c       0xb4 zephyr/kernel/libkernel.a(work.c.obj)
 .text.k_work_submit
                0x000000000002f950        0xc zephyr/kernel/libkernel.a(work.c.obj)
                0x000000000002f950                k_work_submit
 .text.k_work_queue_start
                0x000000000002f95c       0x70 zephyr/kernel/libkernel.a(work.c.obj)
                0x000000000002f95c                k_work_queue_start
 .text.k_work_schedule_for_queue
                0x000000000002f9cc       0x54 zephyr/kernel/libkernel.a(work.c.obj)
                0x000000000002f9cc                k_work_schedule_for_queue
 .text.sliceable
                0x000000000002fa20       0x3c zephyr/kernel/libkernel.a(sched.c.obj)
 .text.slice_timeout
                0x000000000002fa5c       0x20 zephyr/kernel/libkernel.a(sched.c.obj)
 .text.z_reset_time_slice
                0x000000000002fa7c       0x50 zephyr/kernel/libkernel.a(sched.c.obj)
                0x000000000002fa7c                z_reset_time_slice
 .text.update_cache
                0x000000000002facc       0x3c zephyr/kernel/libkernel.a(sched.c.obj)
 .text.move_thread_to_end_of_prio_q
                0x000000000002fb08       0x74 zephyr/kernel/libkernel.a(sched.c.obj)
 .text.ready_thread
                0x000000000002fb7c       0x68 zephyr/kernel/libkernel.a(sched.c.obj)
 .text.unready_thread
                0x000000000002fbe4       0x30 zephyr/kernel/libkernel.a(sched.c.obj)
 .text.pend_locked
                0x000000000002fc14       0x30 zephyr/kernel/libkernel.a(sched.c.obj)
 .text.z_time_slice
                0x000000000002fc44       0x60 zephyr/kernel/libkernel.a(sched.c.obj)
                0x000000000002fc44                z_time_slice
 .text.z_pend_curr
                0x000000000002fca4       0x3c zephyr/kernel/libkernel.a(sched.c.obj)
                0x000000000002fca4                z_pend_curr
 .text.z_set_prio
                0x000000000002fce0       0x8c zephyr/kernel/libkernel.a(sched.c.obj)
                0x000000000002fce0                z_set_prio
 .text.z_reschedule
                0x000000000002fd6c       0x24 zephyr/kernel/libkernel.a(sched.c.obj)
                0x000000000002fd6c                z_reschedule
 .text.z_sched_start
                0x000000000002fd90       0x3c zephyr/kernel/libkernel.a(sched.c.obj)
                0x000000000002fd90                z_sched_start
 .text.z_impl_k_thread_suspend
                0x000000000002fdcc       0x64 zephyr/kernel/libkernel.a(sched.c.obj)
                0x000000000002fdcc                z_impl_k_thread_suspend
 .text.k_sched_lock
                0x000000000002fe30       0x28 zephyr/kernel/libkernel.a(sched.c.obj)
                0x000000000002fe30                k_sched_lock
 .text.k_sched_unlock
                0x000000000002fe58       0x38 zephyr/kernel/libkernel.a(sched.c.obj)
                0x000000000002fe58                k_sched_unlock
 .text.z_sched_init
                0x000000000002fe90       0x10 zephyr/kernel/libkernel.a(sched.c.obj)
                0x000000000002fe90                z_sched_init
 .text.z_impl_k_yield
                0x000000000002fea0       0x7c zephyr/kernel/libkernel.a(sched.c.obj)
                0x000000000002fea0                z_impl_k_yield
 .text.z_tick_sleep
                0x000000000002ff1c       0x88 zephyr/kernel/libkernel.a(sched.c.obj)
 .text.z_impl_k_sleep
                0x000000000002ffa4       0x34 zephyr/kernel/libkernel.a(sched.c.obj)
                0x000000000002ffa4                z_impl_k_sleep
 .text.z_impl_k_usleep
                0x000000000002ffd8       0x34 zephyr/kernel/libkernel.a(sched.c.obj)
                0x000000000002ffd8                z_impl_k_usleep
 .text.z_impl_z_current_get
                0x000000000003000c        0xc zephyr/kernel/libkernel.a(sched.c.obj)
                0x000000000003000c                z_impl_z_current_get
 .text.z_thread_abort
                0x0000000000030018       0xc0 zephyr/kernel/libkernel.a(sched.c.obj)
                0x0000000000030018                z_thread_abort
 .text.z_sched_wait
                0x00000000000300d8       0x24 zephyr/kernel/libkernel.a(sched.c.obj)
                0x00000000000300d8                z_sched_wait
 .text.z_data_copy
                0x00000000000300fc       0x34 zephyr/kernel/libkernel.a(xip.c.obj)
                0x00000000000300fc                z_data_copy
 .text.elapsed  0x0000000000030130       0x14 zephyr/kernel/libkernel.a(timeout.c.obj)
 .text.next_timeout
                0x0000000000030144       0x40 zephyr/kernel/libkernel.a(timeout.c.obj)
 .text.remove_timeout
                0x0000000000030184       0x38 zephyr/kernel/libkernel.a(timeout.c.obj)
 .text.z_add_timeout
                0x00000000000301bc       0xec zephyr/kernel/libkernel.a(timeout.c.obj)
                0x00000000000301bc                z_add_timeout
 .text.sys_clock_announce
                0x00000000000302a8       0xd4 zephyr/kernel/libkernel.a(timeout.c.obj)
                0x00000000000302a8                sys_clock_announce
 .text.sys_clock_tick_get
                0x000000000003037c       0x34 zephyr/kernel/libkernel.a(timeout.c.obj)
                0x000000000003037c                sys_clock_tick_get
 .text.z_thread_aligned_alloc
                0x00000000000303b0       0x40 zephyr/kernel/libkernel.a(mempool.c.obj)
                0x00000000000303b0                z_thread_aligned_alloc
 .text.boot_banner
                0x00000000000303f0        0xc zephyr/kernel/libkernel.a(banner.c.obj)
                0x00000000000303f0                boot_banner
 .text.statics_init
                0x00000000000303fc       0x24 zephyr/kernel/libkernel.a(kheap.c.obj)
 .text.k_sys_work_q_init
                0x0000000000030420       0x34 zephyr/kernel/libkernel.a(system_work_q.c.obj)
 .text.nrf_cc3xx_platform_init_no_rng
                0x0000000000030454       0x38 /opt/nordic/ncs/v2.5.3/nrfxlib/crypto/nrf_cc310_platform/lib/cortex-m4/soft-float/no-interrupts/libnrf_cc310_platform_0.9.18.a(nrf_cc3xx_platform.c.obj)
                0x0000000000030454                nrf_cc3xx_platform_init_no_rng
 .text.nrf_cc3xx_platform_abort
                0x000000000003048c       0x24 /opt/nordic/ncs/v2.5.3/nrfxlib/crypto/nrf_cc310_platform/lib/cortex-m4/soft-float/no-interrupts/libnrf_cc310_platform_0.9.18.a(nrf_cc3xx_platform_abort.c.obj)
 .text.CC_PalAbort
                0x00000000000304b0       0x34 /opt/nordic/ncs/v2.5.3/nrfxlib/crypto/nrf_cc310_platform/lib/cortex-m4/soft-float/no-interrupts/libnrf_cc310_platform_0.9.18.a(nrf_cc3xx_platform_abort.c.obj)
                0x00000000000304b0                CC_PalAbort
 .text.nrf_cc3xx_platform_set_abort
                0x00000000000304e4       0x10 /opt/nordic/ncs/v2.5.3/nrfxlib/crypto/nrf_cc310_platform/lib/cortex-m4/soft-float/no-interrupts/libnrf_cc310_platform_0.9.18.a(nrf_cc3xx_platform_abort.c.obj)
                0x00000000000304e4                nrf_cc3xx_platform_set_abort
 .text.mutex_free
                0x00000000000304f4       0x34 /opt/nordic/ncs/v2.5.3/nrfxlib/crypto/nrf_cc310_platform/lib/cortex-m4/soft-float/no-interrupts/libnrf_cc310_platform_0.9.18.a(nrf_cc3xx_platform_mutex.c.obj)
 .text.mutex_lock
                0x0000000000030528       0x48 /opt/nordic/ncs/v2.5.3/nrfxlib/crypto/nrf_cc310_platform/lib/cortex-m4/soft-float/no-interrupts/libnrf_cc310_platform_0.9.18.a(nrf_cc3xx_platform_mutex.c.obj)
 .text.mutex_unlock
                0x0000000000030570       0x38 /opt/nordic/ncs/v2.5.3/nrfxlib/crypto/nrf_cc310_platform/lib/cortex-m4/soft-float/no-interrupts/libnrf_cc310_platform_0.9.18.a(nrf_cc3xx_platform_mutex.c.obj)
 .text.mutex_init
                0x00000000000305a8       0x20 /opt/nordic/ncs/v2.5.3/nrfxlib/crypto/nrf_cc310_platform/lib/cortex-m4/soft-float/no-interrupts/libnrf_cc310_platform_0.9.18.a(nrf_cc3xx_platform_mutex.c.obj)
 .text.nrf_cc3xx_platform_set_mutexes
                0x00000000000305c8       0x74 /opt/nordic/ncs/v2.5.3/nrfxlib/crypto/nrf_cc310_platform/lib/cortex-m4/soft-float/no-interrupts/libnrf_cc310_platform_0.9.18.a(nrf_cc3xx_platform_mutex.c.obj)
                0x00000000000305c8                nrf_cc3xx_platform_set_mutexes
 .text.CC_LibInitNoRng
                0x000000000003063c       0x64 /opt/nordic/ncs/v2.5.3/nrfxlib/crypto/nrf_cc310_platform/lib/cortex-m4/soft-float/no-interrupts/libnrf_cc310_platform_0.9.18.a(cc_lib.c.obj)
                0x000000000003063c                CC_LibInitNoRng
 .text.CC_HalInit
                0x00000000000306a0        0x4 /opt/nordic/ncs/v2.5.3/nrfxlib/crypto/nrf_cc310_platform/lib/cortex-m4/soft-float/no-interrupts/libnrf_cc310_platform_0.9.18.a(cc_hal.c.obj)
                0x00000000000306a0                CC_HalInit
 .text.CC_HalTerminate
                0x00000000000306a4        0x4 /opt/nordic/ncs/v2.5.3/nrfxlib/crypto/nrf_cc310_platform/lib/cortex-m4/soft-float/no-interrupts/libnrf_cc310_platform_0.9.18.a(cc_hal.c.obj)
                0x00000000000306a4                CC_HalTerminate
 .text.CC_HalMaskInterrupt
                0x00000000000306a8        0xc /opt/nordic/ncs/v2.5.3/nrfxlib/crypto/nrf_cc310_platform/lib/cortex-m4/soft-float/no-interrupts/libnrf_cc310_platform_0.9.18.a(cc_hal.c.obj)
                0x00000000000306a8                CC_HalMaskInterrupt
 .text.CC_PalInit
                0x00000000000306b4       0x5c /opt/nordic/ncs/v2.5.3/nrfxlib/crypto/nrf_cc310_platform/lib/cortex-m4/soft-float/no-interrupts/libnrf_cc310_platform_0.9.18.a(cc_pal.c.obj)
                0x00000000000306b4                CC_PalInit
 .text.CC_PalTerminate
                0x0000000000030710       0x34 /opt/nordic/ncs/v2.5.3/nrfxlib/crypto/nrf_cc310_platform/lib/cortex-m4/soft-float/no-interrupts/libnrf_cc310_platform_0.9.18.a(cc_pal.c.obj)
                0x0000000000030710                CC_PalTerminate
 .text.CC_PalDmaInit
                0x0000000000030744        0x4 /opt/nordic/ncs/v2.5.3/nrfxlib/crypto/nrf_cc310_platform/lib/cortex-m4/soft-float/no-interrupts/libnrf_cc310_platform_0.9.18.a(cc_pal_dma.c.obj)
                0x0000000000030744                CC_PalDmaInit
 .text.CC_PalDmaTerminate
                0x0000000000030748        0x4 /opt/nordic/ncs/v2.5.3/nrfxlib/crypto/nrf_cc310_platform/lib/cortex-m4/soft-float/no-interrupts/libnrf_cc310_platform_0.9.18.a(cc_pal_dma.c.obj)
                0x0000000000030748                CC_PalDmaTerminate
 .text.CC_PalMutexCreate
                0x000000000003074c       0x14 /opt/nordic/ncs/v2.5.3/nrfxlib/crypto/nrf_cc310_platform/lib/cortex-m4/soft-float/no-interrupts/libnrf_cc310_platform_0.9.18.a(cc_pal_mutex.c.obj)
                0x000000000003074c                CC_PalMutexCreate
 .text.CC_PalMutexDestroy
                0x0000000000030760       0x14 /opt/nordic/ncs/v2.5.3/nrfxlib/crypto/nrf_cc310_platform/lib/cortex-m4/soft-float/no-interrupts/libnrf_cc310_platform_0.9.18.a(cc_pal_mutex.c.obj)
                0x0000000000030760                CC_PalMutexDestroy
 .text.CC_PalPowerSaveModeInit
                0x0000000000030774       0x3c /opt/nordic/ncs/v2.5.3/nrfxlib/crypto/nrf_cc310_platform/lib/cortex-m4/soft-float/no-interrupts/libnrf_cc310_platform_0.9.18.a(cc_pal_pm.c.obj)
                0x0000000000030774                CC_PalPowerSaveModeInit
 .text.CC_PalPowerSaveModeSelect
                0x00000000000307b0       0x84 /opt/nordic/ncs/v2.5.3/nrfxlib/crypto/nrf_cc310_platform/lib/cortex-m4/soft-float/no-interrupts/libnrf_cc310_platform_0.9.18.a(cc_pal_pm.c.obj)
                0x00000000000307b0                CC_PalPowerSaveModeSelect
 .text.sprintf  0x0000000000030834       0x50 /opt/nordic/ncs/toolchains/20d68df7e5/opt/zephyr-sdk/arm-zephyr-eabi/bin/../lib/gcc/../../picolibc/arm-zephyr-eabi/lib/thumb/v7e-m/nofp/libc.a(libc_tinystdio_sprintf.c.o)
                0x0000000000030834                sprintf
 .text.skip_to_arg
                0x0000000000030884      0x138 /opt/nordic/ncs/toolchains/20d68df7e5/opt/zephyr-sdk/arm-zephyr-eabi/bin/../lib/gcc/../../picolibc/arm-zephyr-eabi/lib/thumb/v7e-m/nofp/libc.a(libc_tinystdio_vfprintf.c.o)
 .text.vfprintf
                0x00000000000309bc      0xbac /opt/nordic/ncs/toolchains/20d68df7e5/opt/zephyr-sdk/arm-zephyr-eabi/bin/../lib/gcc/../../picolibc/arm-zephyr-eabi/lib/thumb/v7e-m/nofp/libc.a(libc_tinystdio_vfprintf.c.o)
                0x00000000000309bc                __d_vfprintf
 .text.div10    0x0000000000031568       0x28 /opt/nordic/ncs/toolchains/20d68df7e5/opt/zephyr-sdk/arm-zephyr-eabi/bin/../lib/gcc/../../picolibc/arm-zephyr-eabi/lib/thumb/v7e-m/nofp/libc.a(libc_tinystdio_dtoa_ryu.c.o)
 .text.__dtoa_engine
                0x0000000000031590      0x4a4 /opt/nordic/ncs/toolchains/20d68df7e5/opt/zephyr-sdk/arm-zephyr-eabi/bin/../lib/gcc/../../picolibc/arm-zephyr-eabi/lib/thumb/v7e-m/nofp/libc.a(libc_tinystdio_dtoa_ryu.c.o)
                0x0000000000031590                __dtoa_engine
 .text.__pow5Factor
                0x0000000000031a34       0x30 /opt/nordic/ncs/toolchains/20d68df7e5/opt/zephyr-sdk/arm-zephyr-eabi/bin/../lib/gcc/../../picolibc/arm-zephyr-eabi/lib/thumb/v7e-m/nofp/libc.a(libc_tinystdio_ryu_table.c.o)
                0x0000000000031a34                __pow5Factor
 .text.__double_computePow5
                0x0000000000031a64       0xe8 /opt/nordic/ncs/toolchains/20d68df7e5/opt/zephyr-sdk/arm-zephyr-eabi/bin/../lib/gcc/../../picolibc/arm-zephyr-eabi/lib/thumb/v7e-m/nofp/libc.a(libc_tinystdio_ryu_table.c.o)
                0x0000000000031a64                __double_computePow5
 .text.__double_computeInvPow5
                0x0000000000031b4c       0xf8 /opt/nordic/ncs/toolchains/20d68df7e5/opt/zephyr-sdk/arm-zephyr-eabi/bin/../lib/gcc/../../picolibc/arm-zephyr-eabi/lib/thumb/v7e-m/nofp/libc.a(libc_tinystdio_ryu_table.c.o)
                0x0000000000031b4c                __double_computeInvPow5
 .text.__log10Pow2
                0x0000000000031c44        0xc /opt/nordic/ncs/toolchains/20d68df7e5/opt/zephyr-sdk/arm-zephyr-eabi/bin/../lib/gcc/../../picolibc/arm-zephyr-eabi/lib/thumb/v7e-m/nofp/libc.a(libc_tinystdio_ryu_log10.c.o)
                0x0000000000031c44                __log10Pow2
 .text.__log10Pow5
                0x0000000000031c50        0xc /opt/nordic/ncs/toolchains/20d68df7e5/opt/zephyr-sdk/arm-zephyr-eabi/bin/../lib/gcc/../../picolibc/arm-zephyr-eabi/lib/thumb/v7e-m/nofp/libc.a(libc_tinystdio_ryu_log10.c.o)
                0x0000000000031c50                __log10Pow5
 .text.__pow5bits
                0x0000000000031c5c       0x10 /opt/nordic/ncs/toolchains/20d68df7e5/opt/zephyr-sdk/arm-zephyr-eabi/bin/../lib/gcc/../../picolibc/arm-zephyr-eabi/lib/thumb/v7e-m/nofp/libc.a(libc_tinystdio_ryu_pow5bits.c.o)
                0x0000000000031c5c                __pow5bits
 .text.gpio_pin_set_dt.isra.0
                0x0000000000031c6c       0x28 app/libapp.a(main.c.obj)
 .text.sensor_channel_get.isra.0
                0x0000000000031c94        0x6 app/libapp.a(main.c.obj)
 .text.k_msleep.isra.0
                0x0000000000031c9a       0x20 app/libapp.a(main.c.obj)
 .text.arch_printk_char_out
                0x0000000000031cba        0x4 zephyr/libzephyr.a(printk.c.obj)
                0x0000000000031cba                arch_printk_char_out
 .text.printk   0x0000000000031cbe       0x1a zephyr/libzephyr.a(printk.c.obj)
                0x0000000000031cbe                printk
 .text.chunk_size
                0x0000000000031cd8        0xa zephyr/libzephyr.a(heap.c.obj)
 .text.free_list_add
                0x0000000000031ce2       0x4e zephyr/libzephyr.a(heap.c.obj)
 .text.free_list_remove_bidx
                0x0000000000031d30       0x3a zephyr/libzephyr.a(heap.c.obj)
 .text.free_list_remove
                0x0000000000031d6a       0x1a zephyr/libzephyr.a(heap.c.obj)
 .text.alloc_chunk
                0x0000000000031d84       0x6e zephyr/libzephyr.a(heap.c.obj)
 .text.merge_chunks
                0x0000000000031df2       0x2c zephyr/libzephyr.a(heap.c.obj)
 .text.split_chunks
                0x0000000000031e1e       0x34 zephyr/libzephyr.a(heap.c.obj)
 .text.free_chunk
                0x0000000000031e52       0x62 zephyr/libzephyr.a(heap.c.obj)
 .text.sys_heap_free
                0x0000000000031eb4       0x1e zephyr/libzephyr.a(heap.c.obj)
                0x0000000000031eb4                sys_heap_free
 .text.sys_heap_alloc
                0x0000000000031ed2       0x52 zephyr/libzephyr.a(heap.c.obj)
                0x0000000000031ed2                sys_heap_alloc
 .text.sys_heap_aligned_alloc
                0x0000000000031f24       0xd0 zephyr/libzephyr.a(heap.c.obj)
                0x0000000000031f24                sys_heap_aligned_alloc
 .text.sys_heap_init
                0x0000000000031ff4       0x7a zephyr/libzephyr.a(heap.c.obj)
                0x0000000000031ff4                sys_heap_init
 .text.sys_slist_find_and_remove
                0x000000000003206e       0x36 zephyr/libzephyr.a(onoff.c.obj)
 .text.process_recheck
                0x00000000000320a4       0x38 zephyr/libzephyr.a(onoff.c.obj)
 .text.validate_args
                0x00000000000320dc       0x20 zephyr/libzephyr.a(onoff.c.obj)
 .text.notify_one
                0x00000000000320fc       0x2c zephyr/libzephyr.a(onoff.c.obj)
 .text.transition_complete
                0x0000000000032128       0x1c zephyr/libzephyr.a(onoff.c.obj)
 .text.onoff_manager_init
                0x0000000000032144       0x26 zephyr/libzephyr.a(onoff.c.obj)
                0x0000000000032144                onoff_manager_init
 .text.onoff_request
                0x000000000003216a       0xb0 zephyr/libzephyr.a(onoff.c.obj)
                0x000000000003216a                onoff_request
 .text.onoff_release
                0x000000000003221a       0x4a zephyr/libzephyr.a(onoff.c.obj)
                0x000000000003221a                onoff_release
 .text.onoff_cancel
                0x0000000000032264       0x38 zephyr/libzephyr.a(onoff.c.obj)
                0x0000000000032264                onoff_cancel
 .text.sys_notify_validate
                0x000000000003229c       0x22 zephyr/libzephyr.a(notify.c.obj)
                0x000000000003229c                sys_notify_validate
 .text.sys_notify_finalize
                0x00000000000322be       0x1a zephyr/libzephyr.a(notify.c.obj)
                0x00000000000322be                sys_notify_finalize
 .text.ring_buf_put_claim
                0x00000000000322d8       0x3e zephyr/libzephyr.a(ring_buffer.c.obj)
                0x00000000000322d8                ring_buf_put_claim
 .text.ring_buf_put_finish
                0x0000000000032316       0x2a zephyr/libzephyr.a(ring_buffer.c.obj)
                0x0000000000032316                ring_buf_put_finish
 .text.ring_buf_put
                0x0000000000032340       0x3e zephyr/libzephyr.a(ring_buffer.c.obj)
                0x0000000000032340                ring_buf_put
 .text.ring_buf_get_claim
                0x000000000003237e       0x40 zephyr/libzephyr.a(ring_buffer.c.obj)
                0x000000000003237e                ring_buf_get_claim
 .text.ring_buf_get_finish
                0x00000000000323be       0x2a zephyr/libzephyr.a(ring_buffer.c.obj)
                0x00000000000323be                ring_buf_get_finish
 .text.ring_buf_get
                0x00000000000323e8       0x40 zephyr/libzephyr.a(ring_buffer.c.obj)
                0x00000000000323e8                ring_buf_get
 .text._ConfigAbsSyms
                0x0000000000032428        0x2 zephyr/libzephyr.a(configs.c.obj)
                0x0000000000032428                _ConfigAbsSyms
 .text.get_ep_bm_from_addr
                0x000000000003242a       0x1c zephyr/libzephyr.a(usb_device.c.obj)
 .text.usb_write
                0x0000000000032446       0x30 zephyr/libzephyr.a(usb_device.c.obj)
                0x0000000000032446                usb_write
 .text.usb_get_dev_data_by_cfg
                0x0000000000032476       0x18 zephyr/libzephyr.a(usb_descriptor.c.obj)
                0x0000000000032476                usb_get_dev_data_by_cfg
 .text.usb_get_dev_data_by_iface
                0x000000000003248e       0x1c zephyr/libzephyr.a(usb_descriptor.c.obj)
                0x000000000003248e                usb_get_dev_data_by_iface
 .text.usb_get_dev_data_by_ep
                0x00000000000324aa       0x2c zephyr/libzephyr.a(usb_descriptor.c.obj)
                0x00000000000324aa                usb_get_dev_data_by_ep
 .text.usb_transfer_is_busy
                0x00000000000324d6       0x16 zephyr/libzephyr.a(usb_transfer.c.obj)
                0x00000000000324d6                usb_transfer_is_busy
 .text.cdc_interface_config
                0x00000000000324ec       0x14 zephyr/libzephyr.a(cdc_acm.c.obj)
 .text.cdc_acm_irq_callback_work_handler
                0x0000000000032500        0xa zephyr/libzephyr.a(cdc_acm.c.obj)
 .text.cdc_acm_irq_tx_disable
                0x000000000003250a        0xa zephyr/libzephyr.a(cdc_acm.c.obj)
 .text.cdc_acm_irq_tx_ready
                0x0000000000032514        0xe zephyr/libzephyr.a(cdc_acm.c.obj)
 .text.cdc_acm_irq_rx_disable
                0x0000000000032522        0xa zephyr/libzephyr.a(cdc_acm.c.obj)
 .text.cdc_acm_irq_rx_ready
                0x000000000003252c        0x8 zephyr/libzephyr.a(cdc_acm.c.obj)
 .text.cdc_acm_irq_is_pending
                0x0000000000032534       0x1e zephyr/libzephyr.a(cdc_acm.c.obj)
 .text.cdc_acm_irq_update
                0x0000000000032552        0x4 zephyr/libzephyr.a(cdc_acm.c.obj)
 .text.cdc_acm_irq_callback_set
                0x0000000000032556        0x8 zephyr/libzephyr.a(cdc_acm.c.obj)
 .text.cdc_acm_configure
                0x000000000003255e        0x4 zephyr/libzephyr.a(cdc_acm.c.obj)
 .text.cdc_acm_config_get
                0x0000000000032562       0x58 zephyr/libzephyr.a(cdc_acm.c.obj)
 .text.cdc_acm_fifo_read
                0x00000000000325ba       0x54 zephyr/libzephyr.a(cdc_acm.c.obj)
 .text.cdc_acm_poll_in
                0x000000000003260e       0x12 zephyr/libzephyr.a(cdc_acm.c.obj)
 .text.abort_function
                0x0000000000032620        0x8 zephyr/libzephyr.a(nrf_cc3xx_platform_abort_zephyr.c.obj)
 .text.z_arm_fatal_error
                0x0000000000032628        0x4 zephyr/arch/arch/arm/core/aarch32/libarch__arm__core__aarch32.a(fatal.c.obj)
                0x0000000000032628                z_arm_fatal_error
 .text.z_do_kernel_oops
                0x000000000003262c        0x8 zephyr/arch/arch/arm/core/aarch32/libarch__arm__core__aarch32.a(fatal.c.obj)
                0x000000000003262c                z_do_kernel_oops
 .text.z_irq_spurious
                0x0000000000032634        0x8 zephyr/arch/arch/arm/core/aarch32/libarch__arm__core__aarch32.a(irq_manage.c.obj)
                0x0000000000032634                z_irq_spurious
 .text.z_arm_nmi
                0x000000000003263c        0xe zephyr/arch/arch/arm/core/aarch32/libarch__arm__core__aarch32.a(nmi.c.obj)
                0x000000000003263c                z_arm_nmi
 .text.picolibc_put
                0x000000000003264a        0xa zephyr/lib/libc/picolibc/liblib__libc__picolibc.a(libc-hooks.c.obj)
 .text.ep_ctx_reset
                0x0000000000032654       0x26 zephyr/drivers/usb/device/libdrivers__usb__device.a(usb_dc_nrfx.c.obj)
 .text.k_mutex_lock.constprop.0.isra.0
                0x000000000003267a        0x4 zephyr/drivers/usb/device/libdrivers__usb__device.a(usb_dc_nrfx.c.obj)
 .text.k_mutex_unlock.isra.0
                0x000000000003267e        0x4 zephyr/drivers/usb/device/libdrivers__usb__device.a(usb_dc_nrfx.c.obj)
 .text.usb_dc_ep_check_cap
                0x0000000000032682       0x30 zephyr/drivers/usb/device/libdrivers__usb__device.a(usb_dc_nrfx.c.obj)
                0x0000000000032682                usb_dc_ep_check_cap
 .text.usb_dc_ep_disable
                0x00000000000326b2       0x32 zephyr/drivers/usb/device/libdrivers__usb__device.a(usb_dc_nrfx.c.obj)
                0x00000000000326b2                usb_dc_ep_disable
 .text.usb_dc_ep_read
                0x00000000000326e4       0x1e zephyr/drivers/usb/device/libdrivers__usb__device.a(usb_dc_nrfx.c.obj)
                0x00000000000326e4                usb_dc_ep_read
 .text.get_status
                0x0000000000032702       0x12 zephyr/drivers/clock_control/libdrivers__clock_control.a(clock_control_nrf.c.obj)
 .text.set_on_state
                0x0000000000032714       0x26 zephyr/drivers/clock_control/libdrivers__clock_control.a(clock_control_nrf.c.obj)
 .text.stop     0x000000000003273a       0x54 zephyr/drivers/clock_control/libdrivers__clock_control.a(clock_control_nrf.c.obj)
 .text.api_stop
                0x000000000003278e        0x6 zephyr/drivers/clock_control/libdrivers__clock_control.a(clock_control_nrf.c.obj)
 .text.async_start
                0x0000000000032794       0x5e zephyr/drivers/clock_control/libdrivers__clock_control.a(clock_control_nrf.c.obj)
 .text.api_start
                0x00000000000327f2        0xe zephyr/drivers/clock_control/libdrivers__clock_control.a(clock_control_nrf.c.obj)
 .text.onoff_started_callback
                0x0000000000032800       0x12 zephyr/drivers/clock_control/libdrivers__clock_control.a(clock_control_nrf.c.obj)
 .text.lfclk_start
                0x0000000000032812        0x6 zephyr/drivers/clock_control/libdrivers__clock_control.a(clock_control_nrf.c.obj)
 .text.lfclk_stop
                0x0000000000032818        0x6 zephyr/drivers/clock_control/libdrivers__clock_control.a(clock_control_nrf.c.obj)
 .text.blocking_start_callback
                0x000000000003281e        0x6 zephyr/drivers/clock_control/libdrivers__clock_control.a(clock_control_nrf.c.obj)
 .text.gpio_nrfx_port_get_raw
                0x0000000000032824        0xe zephyr/drivers/gpio/libdrivers__gpio.a(gpio_nrfx.c.obj)
 .text.gpio_nrfx_port_set_masked_raw
                0x0000000000032832       0x18 zephyr/drivers/gpio/libdrivers__gpio.a(gpio_nrfx.c.obj)
 .text.gpio_nrfx_port_set_bits_raw
                0x000000000003284a        0xc zephyr/drivers/gpio/libdrivers__gpio.a(gpio_nrfx.c.obj)
 .text.gpio_nrfx_port_clear_bits_raw
                0x0000000000032856        0xc zephyr/drivers/gpio/libdrivers__gpio.a(gpio_nrfx.c.obj)
 .text.gpio_nrfx_port_toggle_bits
                0x0000000000032862       0x1a zephyr/drivers/gpio/libdrivers__gpio.a(gpio_nrfx.c.obj)
 .text.gpio_nrfx_manage_callback
                0x000000000003287c       0x52 zephyr/drivers/gpio/libdrivers__gpio.a(gpio_nrfx.c.obj)
 .text.z_impl_hwinfo_get_device_id
                0x00000000000328ce       0x28 zephyr/drivers/hwinfo/libdrivers__hwinfo.a(hwinfo_nrf.c.obj)
                0x00000000000328ce                z_impl_hwinfo_get_device_id
 .text.i2c_nrfx_twi_configure
                0x00000000000328f6       0x32 zephyr/drivers/i2c/libdrivers__i2c.a(i2c_nrfx_twi.c.obj)
 .text.i2c_nrfx_twim_configure
                0x0000000000032928       0x2e zephyr/drivers/i2c/libdrivers__i2c.a(i2c_nrfx_twim.c.obj)
 .text.irq_connect0
                0x0000000000032956        0xa zephyr/drivers/i2c/libdrivers__i2c.a(i2c_nrfx_twim.c.obj)
 .text.pinctrl_apply_state.constprop.0
                0x0000000000032960       0x20 zephyr/drivers/i2c/libdrivers__i2c.a(i2c_nrfx_twim.c.obj)
 .text.pinctrl_lookup_state
                0x0000000000032980       0x26 zephyr/drivers/pinctrl/libdrivers__pinctrl.a(common.c.obj)
                0x0000000000032980                pinctrl_lookup_state
 .text.regulator_common_data_init
                0x00000000000329a6       0x10 zephyr/drivers/regulator/libdrivers__regulator.a(regulator_common.c.obj)
                0x00000000000329a6                regulator_common_data_init
 .text.regulator_set_voltage
                0x00000000000329b6       0x28 zephyr/drivers/regulator/libdrivers__regulator.a(regulator_common.c.obj)
                0x00000000000329b6                regulator_set_voltage
 .text.regulator_set_mode
                0x00000000000329de       0x3c zephyr/drivers/regulator/libdrivers__regulator.a(regulator_common.c.obj)
                0x00000000000329de                regulator_set_mode
 .text.regulator_common_init
                0x0000000000032a1a       0xa6 zephyr/drivers/regulator/libdrivers__regulator.a(regulator_common.c.obj)
                0x0000000000032a1a                regulator_common_init
 .text.gpio_pin_configure_dt
                0x0000000000032ac0       0x34 zephyr/drivers/regulator/libdrivers__regulator.a(regulator_fixed.c.obj)
 .text.gpio_pin_set
                0x0000000000032af4       0x20 zephyr/drivers/regulator/libdrivers__regulator.a(regulator_fixed.c.obj)
 .text.regulator_fixed_count_voltages
                0x0000000000032b14        0xe zephyr/drivers/regulator/libdrivers__regulator.a(regulator_fixed.c.obj)
 .text.regulator_fixed_list_voltage
                0x0000000000032b22       0x1a zephyr/drivers/regulator/libdrivers__regulator.a(regulator_fixed.c.obj)
 .text.regulator_fixed_init
                0x0000000000032b3c       0x68 zephyr/drivers/regulator/libdrivers__regulator.a(regulator_fixed.c.obj)
 .text.regulator_fixed_disable
                0x0000000000032ba4       0x16 zephyr/drivers/regulator/libdrivers__regulator.a(regulator_fixed.c.obj)
 .text.lsm6dsl_accel_set_fs_raw
                0x0000000000032bba       0x20 zephyr/drivers/sensor/lsm6dsl/libdrivers__sensor__lsm6dsl.a(lsm6dsl.c.obj)
 .text.lsm6dsl_gyro_set_fs_raw
                0x0000000000032bda       0x28 zephyr/drivers/sensor/lsm6dsl/libdrivers__sensor__lsm6dsl.a(lsm6dsl.c.obj)
 .text.lsm6dsl_gyro_set_odr_raw
                0x0000000000032c02       0x20 zephyr/drivers/sensor/lsm6dsl/libdrivers__sensor__lsm6dsl.a(lsm6dsl.c.obj)
 .text.lsm6dsl_channel_get
                0x0000000000032c22       0x94 zephyr/drivers/sensor/lsm6dsl/libdrivers__sensor__lsm6dsl.a(lsm6dsl.c.obj)
 .text.lsm6dsl_sample_fetch_gyro.isra.0
                0x0000000000032cb6       0x2a zephyr/drivers/sensor/lsm6dsl/libdrivers__sensor__lsm6dsl.a(lsm6dsl.c.obj)
 .text.lsm6dsl_sample_fetch_accel.isra.0
                0x0000000000032ce0       0x2a zephyr/drivers/sensor/lsm6dsl/libdrivers__sensor__lsm6dsl.a(lsm6dsl.c.obj)
 .text.lsm6dsl_sample_fetch
                0x0000000000032d0a       0x2a zephyr/drivers/sensor/lsm6dsl/libdrivers__sensor__lsm6dsl.a(lsm6dsl.c.obj)
 .text.i2c_transfer
                0x0000000000032d34        0xc zephyr/drivers/sensor/lsm6dsl/libdrivers__sensor__lsm6dsl.a(lsm6dsl_i2c.c.obj)
 .text.lsm6dsl_i2c_write_data
                0x0000000000032d40       0x34 zephyr/drivers/sensor/lsm6dsl/libdrivers__sensor__lsm6dsl.a(lsm6dsl_i2c.c.obj)
 .text.lsm6dsl_i2c_read_data
                0x0000000000032d74       0x36 zephyr/drivers/sensor/lsm6dsl/libdrivers__sensor__lsm6dsl.a(lsm6dsl_i2c.c.obj)
 .text.lsm6dsl_i2c_read_reg
                0x0000000000032daa       0x34 zephyr/drivers/sensor/lsm6dsl/libdrivers__sensor__lsm6dsl.a(lsm6dsl_i2c.c.obj)
 .text.lsm6dsl_i2c_update_reg
                0x0000000000032dde       0x7a zephyr/drivers/sensor/lsm6dsl/libdrivers__sensor__lsm6dsl.a(lsm6dsl_i2c.c.obj)
 .text.setup_irq.isra.0
                0x0000000000032e58       0x3a zephyr/drivers/sensor/lsm6dsl/libdrivers__sensor__lsm6dsl.a(lsm6dsl_trigger.c.obj)
 .text.lsm6dsl_gpio_callback
                0x0000000000032e92       0x1c zephyr/drivers/sensor/lsm6dsl/libdrivers__sensor__lsm6dsl.a(lsm6dsl_trigger.c.obj)
 .text.lsm6dsl_work_cb
                0x0000000000032eae       0x1e zephyr/drivers/sensor/lsm6dsl/libdrivers__sensor__lsm6dsl.a(lsm6dsl_trigger.c.obj)
 .text.lsm6dsl_trigger_set
                0x0000000000032ecc       0x74 zephyr/drivers/sensor/lsm6dsl/libdrivers__sensor__lsm6dsl.a(lsm6dsl_trigger.c.obj)
                0x0000000000032ecc                lsm6dsl_trigger_set
 .text.uarte_nrfx_config_get
                0x0000000000032f40       0x10 zephyr/drivers/serial/libdrivers__serial.a(uart_nrfx_uarte.c.obj)
 .text.uarte_nrfx_err_check
                0x0000000000032f50        0xe zephyr/drivers/serial/libdrivers__serial.a(uart_nrfx_uarte.c.obj)
 .text.tx_start
                0x0000000000032f5e       0x3e zephyr/drivers/serial/libdrivers__serial.a(uart_nrfx_uarte.c.obj)
 .text.uarte_nrfx_poll_in
                0x0000000000032f9c       0x28 zephyr/drivers/serial/libdrivers__serial.a(uart_nrfx_uarte.c.obj)
 .text.uarte_nrfx_fifo_read
                0x0000000000032fc4       0x2e zephyr/drivers/serial/libdrivers__serial.a(uart_nrfx_uarte.c.obj)
 .text.uarte_nrfx_irq_tx_enable
                0x0000000000032ff2       0x2e zephyr/drivers/serial/libdrivers__serial.a(uart_nrfx_uarte.c.obj)
 .text.uarte_nrfx_irq_tx_disable
                0x0000000000033020        0xa zephyr/drivers/serial/libdrivers__serial.a(uart_nrfx_uarte.c.obj)
 .text.uarte_nrfx_irq_tx_ready_complete
                0x000000000003302a       0x2a zephyr/drivers/serial/libdrivers__serial.a(uart_nrfx_uarte.c.obj)
 .text.uarte_nrfx_irq_rx_ready
                0x0000000000033054       0x10 zephyr/drivers/serial/libdrivers__serial.a(uart_nrfx_uarte.c.obj)
 .text.uarte_nrfx_irq_rx_enable
                0x0000000000033064        0xc zephyr/drivers/serial/libdrivers__serial.a(uart_nrfx_uarte.c.obj)
 .text.uarte_nrfx_irq_rx_disable